2024-09-06 23:21:12.754 [info] Deleted uninstalled extension from disk asvetliakov.vscode-neovim /home/ser/.vscode-oss/extensions/asvetliakov.vscode-neovim-1.18.8-universal
2024-09-06 23:21:16.965 [info] Getting Manifest... asvetliakov.vscode-neovim
2024-09-06 23:21:16.970 [info] Getting Manifest... ms-python.python
2024-09-06 23:21:16.970 [info] Getting Manifest... ms-toolsai.jupyter-renderers
2024-09-06 23:21:17.936 [info] Installing extension: ms-toolsai.jupyter-renderers {"productVersion":{"version":"1.91.1","date":"2024-07-11T18:37:25.588Z"},"pinned":false,"isApplicationScoped":false,"profileLocation":{"$mid":1,"external":"vscode-userdata:/home/ser/.vscode-oss/extensions/extensions.json","path":"/home/ser/.vscode-oss/extensions/extensions.json","scheme":"vscode-userdata"},"installOnlyNewlyAddedFromExtensionPack":true}
2024-09-06 23:21:18.258 [info] Installing extension: asvetliakov.vscode-neovim {"productVersion":{"version":"1.91.1","date":"2024-07-11T18:37:25.588Z"},"pinned":false,"isApplicationScoped":false,"profileLocation":{"$mid":1,"external":"vscode-userdata:/home/ser/.vscode-oss/extensions/extensions.json","path":"/home/ser/.vscode-oss/extensions/extensions.json","scheme":"vscode-userdata"},"installOnlyNewlyAddedFromExtensionPack":true}
2024-09-06 23:21:18.283 [info] Installing extension: ms-python.python {"productVersion":{"version":"1.91.1","date":"2024-07-11T18:37:25.588Z"},"pinned":false,"isApplicationScoped":false,"profileLocation":{"$mid":1,"external":"vscode-userdata:/home/ser/.vscode-oss/extensions/extensions.json","path":"/home/ser/.vscode-oss/extensions/extensions.json","scheme":"vscode-userdata"},"installOnlyNewlyAddedFromExtensionPack":true}
2024-09-06 23:21:19.395 [info] Extracted extension to file:///home/ser/.vscode-oss/extensions/asvetliakov.vscode-neovim-1.18.10-universal: asvetliakov.vscode-neovim
2024-09-06 23:21:19.402 [info] Renamed to /home/ser/.vscode-oss/extensions/asvetliakov.vscode-neovim-1.18.10-universal
2024-09-06 23:21:19.416 [info] Marked extension as uninstalled asvetliakov.vscode-neovim-1.18.9-universal
2024-09-06 23:21:19.424 [info] Extension installed successfully: asvetliakov.vscode-neovim vscode-userdata:/home/ser/.vscode-oss/extensions/extensions.json
2024-09-06 23:21:19.486 [error] [uncaught exception in sharedProcess]: Error: ENOENT: no such file or directory, stat '/home/ser/.vscode-oss/extensions/extensions.json.vsctmp': EntryNotFound (FileSystemError): Error: ENOENT: no such file or directory, stat '/home/ser/.vscode-oss/extensions/extensions.json.vsctmp'
    at u.create (/nix/store/3j0nsr6g8fc0kb20hxhvfnsh83bk0fg6-vscodium-1.91.1.24193/lib/vscode/resources/app/out/vs/code/node/sharedProcess/sharedProcessMain.js:54:22080)
    at d (/nix/store/3j0nsr6g8fc0kb20hxhvfnsh83bk0fg6-vscodium-1.91.1.24193/lib/vscode/resources/app/out/vs/code/node/sharedProcess/sharedProcessMain.js:54:22210)
    at R.toFileSystemProviderError (/nix/store/3j0nsr6g8fc0kb20hxhvfnsh83bk0fg6-vscodium-1.91.1.24193/lib/vscode/resources/app/out/vs/code/node/sharedProcess/sharedProcessMain.js:59:47900)
    at R.stat (/nix/store/3j0nsr6g8fc0kb20hxhvfnsh83bk0fg6-vscodium-1.91.1.24193/lib/vscode/resources/app/out/vs/code/node/sharedProcess/sharedProcessMain.js:59:38403)
    at async s.stat (/nix/store/3j0nsr6g8fc0kb20hxhvfnsh83bk0fg6-vscodium-1.91.1.24193/lib/vscode/resources/app/out/vs/code/node/sharedProcess/sharedProcessMain.js:59:19760)
    at async z.onDidFilesChange (/nix/store/3j0nsr6g8fc0kb20hxhvfnsh83bk0fg6-vscodium-1.91.1.24193/lib/vscode/resources/app/out/vs/code/node/sharedProcess/sharedProcessMain.js:105:146943)
2024-09-06 23:21:20.964 [info] Extracted extension to file:///home/ser/.vscode-oss/extensions/ms-toolsai.jupyter-renderers-1.0.19-universal: ms-toolsai.jupyter-renderers
2024-09-06 23:21:20.970 [info] Renamed to /home/ser/.vscode-oss/extensions/ms-toolsai.jupyter-renderers-1.0.19-universal
2024-09-06 23:21:20.980 [info] Marked extension as uninstalled ms-toolsai.jupyter-renderers-1.0.18-universal
2024-09-06 23:21:20.985 [info] Extension installed successfully: ms-toolsai.jupyter-renderers vscode-userdata:/home/ser/.vscode-oss/extensions/extensions.json
2024-09-06 23:21:21.049 [error] [uncaught exception in sharedProcess]: Error: ENOENT: no such file or directory, stat '/home/ser/.vscode-oss/extensions/extensions.json.vsctmp': EntryNotFound (FileSystemError): Error: ENOENT: no such file or directory, stat '/home/ser/.vscode-oss/extensions/extensions.json.vsctmp'
    at u.create (/nix/store/3j0nsr6g8fc0kb20hxhvfnsh83bk0fg6-vscodium-1.91.1.24193/lib/vscode/resources/app/out/vs/code/node/sharedProcess/sharedProcessMain.js:54:22080)
    at d (/nix/store/3j0nsr6g8fc0kb20hxhvfnsh83bk0fg6-vscodium-1.91.1.24193/lib/vscode/resources/app/out/vs/code/node/sharedProcess/sharedProcessMain.js:54:22210)
    at R.toFileSystemProviderError (/nix/store/3j0nsr6g8fc0kb20hxhvfnsh83bk0fg6-vscodium-1.91.1.24193/lib/vscode/resources/app/out/vs/code/node/sharedProcess/sharedProcessMain.js:59:47900)
    at R.stat (/nix/store/3j0nsr6g8fc0kb20hxhvfnsh83bk0fg6-vscodium-1.91.1.24193/lib/vscode/resources/app/out/vs/code/node/sharedProcess/sharedProcessMain.js:59:38403)
    at async s.stat (/nix/store/3j0nsr6g8fc0kb20hxhvfnsh83bk0fg6-vscodium-1.91.1.24193/lib/vscode/resources/app/out/vs/code/node/sharedProcess/sharedProcessMain.js:59:19760)
    at async z.onDidFilesChange (/nix/store/3j0nsr6g8fc0kb20hxhvfnsh83bk0fg6-vscodium-1.91.1.24193/lib/vscode/resources/app/out/vs/code/node/sharedProcess/sharedProcessMain.js:105:146943)
2024-09-06 23:21:21.955 [info] Extracted extension to file:///home/ser/.vscode-oss/extensions/ms-python.python-2024.14.0-universal: ms-python.python
2024-09-06 23:21:21.961 [info] Renamed to /home/ser/.vscode-oss/extensions/ms-python.python-2024.14.0-universal
2024-09-06 23:21:21.976 [info] Marked extension as uninstalled ms-python.python-2024.12.3-universal
2024-09-06 23:21:21.980 [info] Extension installed successfully: ms-python.python vscode-userdata:/home/ser/.vscode-oss/extensions/extensions.json
2024-09-06 23:21:22.044 [error] [uncaught exception in sharedProcess]: Error: ENOENT: no such file or directory, stat '/home/ser/.vscode-oss/extensions/extensions.json.vsctmp': EntryNotFound (FileSystemError): Error: ENOENT: no such file or directory, stat '/home/ser/.vscode-oss/extensions/extensions.json.vsctmp'
    at u.create (/nix/store/3j0nsr6g8fc0kb20hxhvfnsh83bk0fg6-vscodium-1.91.1.24193/lib/vscode/resources/app/out/vs/code/node/sharedProcess/sharedProcessMain.js:54:22080)
    at d (/nix/store/3j0nsr6g8fc0kb20hxhvfnsh83bk0fg6-vscodium-1.91.1.24193/lib/vscode/resources/app/out/vs/code/node/sharedProcess/sharedProcessMain.js:54:22210)
    at R.toFileSystemProviderError (/nix/store/3j0nsr6g8fc0kb20hxhvfnsh83bk0fg6-vscodium-1.91.1.24193/lib/vscode/resources/app/out/vs/code/node/sharedProcess/sharedProcessMain.js:59:47900)
    at R.stat (/nix/store/3j0nsr6g8fc0kb20hxhvfnsh83bk0fg6-vscodium-1.91.1.24193/lib/vscode/resources/app/out/vs/code/node/sharedProcess/sharedProcessMain.js:59:38403)
    at async s.stat (/nix/store/3j0nsr6g8fc0kb20hxhvfnsh83bk0fg6-vscodium-1.91.1.24193/lib/vscode/resources/app/out/vs/code/node/sharedProcess/sharedProcessMain.js:59:19760)
    at async z.onDidFilesChange (/nix/store/3j0nsr6g8fc0kb20hxhvfnsh83bk0fg6-vscodium-1.91.1.24193/lib/vscode/resources/app/out/vs/code/node/sharedProcess/sharedProcessMain.js:105:146943)
