2024-08-23 01:16:24.643 [info] MessagesManager: 3 fewer lines
2024-08-23 01:22:48.219 [info] MessagesManager: 3 fewer lines
2024-08-23 01:23:59.917 [info] MessagesManager: 11 lines yanked into "+
2024-08-23 01:48:39.475 [warning] DocumentChangeManager: Changes were not applied for vscode-notebook-cell:/home/ser/school/cs345/exercises/exercise_01_python_csv_files.ipynb#X24sZmlsZQ%3D%3D
2024-08-23 01:48:39.475 [warning] DocumentChangeManager: Edit was canceled for doc: vscode-notebook-cell:/home/ser/school/cs345/exercises/exercise_01_python_csv_files.ipynb#X24sZmlsZQ%3D%3D
2024-08-23 01:48:47.330 [warning] DocumentChangeManager: Changes were not applied for vscode-notebook-cell:/home/ser/school/cs345/exercises/exercise_01_python_csv_files.ipynb#X24sZmlsZQ%3D%3D
2024-08-23 01:48:47.330 [warning] DocumentChangeManager: Edit was canceled for doc: vscode-notebook-cell:/home/ser/school/cs345/exercises/exercise_01_python_csv_files.ipynb#X24sZmlsZQ%3D%3D
2024-08-23 01:48:49.320 [warning] DocumentChangeManager: Changes were not applied for vscode-notebook-cell:/home/ser/school/cs345/exercises/exercise_01_python_csv_files.ipynb#X24sZmlsZQ%3D%3D
2024-08-23 01:48:49.320 [warning] DocumentChangeManager: Edit was canceled for doc: vscode-notebook-cell:/home/ser/school/cs345/exercises/exercise_01_python_csv_files.ipynb#X24sZmlsZQ%3D%3D
2024-08-23 01:48:49.853 [warning] DocumentChangeManager: Changes were not applied for vscode-notebook-cell:/home/ser/school/cs345/exercises/exercise_01_python_csv_files.ipynb#X24sZmlsZQ%3D%3D
2024-08-23 01:48:49.853 [warning] DocumentChangeManager: Edit was canceled for doc: vscode-notebook-cell:/home/ser/school/cs345/exercises/exercise_01_python_csv_files.ipynb#X24sZmlsZQ%3D%3D
2024-08-23 01:48:51.158 [warning] DocumentChangeManager: Changes were not applied for vscode-notebook-cell:/home/ser/school/cs345/exercises/exercise_01_python_csv_files.ipynb#X24sZmlsZQ%3D%3D
2024-08-23 01:48:51.158 [warning] DocumentChangeManager: Edit was canceled for doc: vscode-notebook-cell:/home/ser/school/cs345/exercises/exercise_01_python_csv_files.ipynb#X24sZmlsZQ%3D%3D
2024-08-23 01:48:53.376 [warning] DocumentChangeManager: Changes were not applied for vscode-notebook-cell:/home/ser/school/cs345/exercises/exercise_01_python_csv_files.ipynb#X24sZmlsZQ%3D%3D
2024-08-23 01:48:53.376 [warning] DocumentChangeManager: Edit was canceled for doc: vscode-notebook-cell:/home/ser/school/cs345/exercises/exercise_01_python_csv_files.ipynb#X24sZmlsZQ%3D%3D
2024-08-23 01:48:54.042 [warning] DocumentChangeManager: Changes were not applied for vscode-notebook-cell:/home/ser/school/cs345/exercises/exercise_01_python_csv_files.ipynb#X24sZmlsZQ%3D%3D
2024-08-23 01:48:54.042 [warning] DocumentChangeManager: Edit was canceled for doc: vscode-notebook-cell:/home/ser/school/cs345/exercises/exercise_01_python_csv_files.ipynb#X24sZmlsZQ%3D%3D
2024-08-23 01:48:54.511 [warning] DocumentChangeManager: Changes were not applied for vscode-notebook-cell:/home/ser/school/cs345/exercises/exercise_01_python_csv_files.ipynb#X24sZmlsZQ%3D%3D
2024-08-23 01:48:54.511 [warning] DocumentChangeManager: Edit was canceled for doc: vscode-notebook-cell:/home/ser/school/cs345/exercises/exercise_01_python_csv_files.ipynb#X24sZmlsZQ%3D%3D
2024-08-23 01:58:25.413 [info] MessagesManager: 1 change; before #3  4 seconds ago
2024-08-23 02:01:58.986 [info] MessagesManager: 7 lines yanked
2024-08-23 02:02:16.502 [info] MessagesManager: 5 more lines; before #7  2 seconds ago
2024-08-23 02:15:13.411 [info] MessagesManager: 6 fewer lines
2024-08-23 02:22:29.740 [info] MessagesManager: 1 change; before #37  2 seconds ago
