2024-08-30 14:56:13.355 [info] Extension host with pid 2705 started
2024-08-30 14:56:13.355 [info] Skipping acquiring lock for /home/ser/.config/VSCodium/User/workspaceStorage/7a4386decced02b99e03b2912964450d.
2024-08-30 14:56:13.361 [info] ExtensionService#_doActivateExtension vscode.ipynb, startup: false, activationEvent: 'onNotebookSerializer:jupyter-notebook'
2024-08-30 14:56:13.387 [info] ExtensionService#_doActivateExtension vscode.git-base, startup: true, activationEvent: '*', root cause: vscode.git
2024-08-30 14:56:13.390 [info] ExtensionService#_doActivateExtension vscode.git, startup: true, activationEvent: '*'
2024-08-30 14:56:13.399 [info] ExtensionService#_doActivateExtension vscode.github, startup: true, activationEvent: '*'
2024-08-30 14:56:13.420 [info] ExtensionService#_doActivateExtension ms-toolsai.jupyter, startup: false, activationEvent: 'onNotebook:jupyter-notebook'
2024-08-30 14:56:13.421 [info] ExtensionService#_doActivateExtension ms-toolsai.vscode-jupyter-cell-tags, startup: false, activationEvent: 'onNotebook:jupyter-notebook'
2024-08-30 14:56:13.422 [info] ExtensionService#_doActivateExtension ms-toolsai.vscode-jupyter-slideshow, startup: false, activationEvent: 'onNotebook:jupyter-notebook'
2024-08-30 14:56:13.516 [info] ExtensionService#_doActivateExtension ms-python.python, startup: false, activationEvent: 'api', root cause: ms-toolsai.jupyter
2024-08-30 14:56:13.602 [info] Eager extensions activated
2024-08-30 14:56:13.602 [info] ExtensionService#_doActivateExtension ms-toolsai.jupyter-renderers, startup: false, activationEvent: 'api', root cause: ms-toolsai.jupyter
2024-08-30 14:56:13.614 [error] Error: spawn /home/ser/.vscode-oss/extensions/ms-python.python-2024.12.3-universal/python-env-tools/bin/pet ENOENT
	at ChildProcess._handle.onexit (node:internal/child_process:286:19)
	at onErrorNT (node:internal/child_process:484:16)
	at process.processTicksAndRejections (node:internal/process/task_queues:82:21)
2024-08-30 14:56:13.616 [info] ExtensionService#_doActivateExtension vscode.debug-auto-launch, startup: false, activationEvent: 'onStartupFinished'
2024-08-30 14:56:13.617 [info] ExtensionService#_doActivateExtension vscode.merge-conflict, startup: false, activationEvent: 'onStartupFinished'
2024-08-30 14:56:13.620 [info] ExtensionService#_doActivateExtension asvetliakov.vscode-neovim, startup: false, activationEvent: 'onStartupFinished'
2024-08-30 14:56:13.804 [info] ExtensionService#_doActivateExtension ms-python.debugpy, startup: false, activationEvent: 'onLanguage:python'
2024-08-30 14:56:13.812 [info] ExtensionService#_doActivateExtension vscode.emmet, startup: false, activationEvent: 'onLanguage'
2024-08-30 14:56:47.211 [info] ExtensionService#_doActivateExtension vscode.extension-editing, startup: false, activationEvent: 'onLanguage:markdown'
2024-08-30 14:56:47.219 [info] ExtensionService#_doActivateExtension vscode.markdown-language-features, startup: false, activationEvent: 'onLanguage:markdown'
2024-08-30 14:56:47.421 [info] ExtensionService#_doActivateExtension vscode.markdown-math, startup: false, activationEvent: 'api', root cause: vscode.markdown-language-features
2024-08-30 15:05:58.515 [warning] ExtHostTextEditorOptions 'setCursorStyle' failed:'
2024-08-30 15:05:58.515 [warning] Illegal argument: TextEditor(vs.editor.ICodeEditor:4,$model11)
2024-08-30 15:25:05.939 [warning] ExtHostTextEditorOptions 'setCursorStyle' failed:'
2024-08-30 15:25:05.939 [warning] Illegal argument: TextEditor(vs.editor.ICodeEditor:10,$model23)
