2024-08-11 17:12:04.489 [info] Getting Manifest... xadillax.viml
2024-08-11 17:12:04.809 [info] Installing extension: xadillax.viml {"isMachineScoped":false,"installPreReleaseVersion":false,"pinned":false,"profileLocation":{"$mid":1,"external":"vscode-userdata:/home/ser/.vscode-oss/extensions/extensions.json","path":"/home/ser/.vscode-oss/extensions/extensions.json","scheme":"vscode-userdata"},"installOnlyNewlyAddedFromExtensionPack":true,"isApplicationScoped":false,"productVersion":{"version":"1.91.1","date":"2024-07-11T18:37:25.588Z"}}
2024-08-11 17:12:11.396 [info] Extracted extension to file:///home/ser/.vscode-oss/extensions/xadillax.viml-2.1.2-universal: xadillax.viml
2024-08-11 17:12:11.402 [info] Renamed to /home/ser/.vscode-oss/extensions/xadillax.viml-2.1.2-universal
2024-08-11 17:12:11.417 [info] Extension installed successfully: xadillax.viml vscode-userdata:/home/ser/.vscode-oss/extensions/extensions.json
2024-08-11 17:12:11.487 [error] [uncaught exception in sharedProcess]: Error: ENOENT: no such file or directory, stat '/home/ser/.vscode-oss/extensions/extensions.json.vsctmp': EntryNotFound (FileSystemError): Error: ENOENT: no such file or directory, stat '/home/ser/.vscode-oss/extensions/extensions.json.vsctmp'
    at u.create (/nix/store/3j0nsr6g8fc0kb20hxhvfnsh83bk0fg6-vscodium-1.91.1.24193/lib/vscode/resources/app/out/vs/code/node/sharedProcess/sharedProcessMain.js:54:22080)
    at d (/nix/store/3j0nsr6g8fc0kb20hxhvfnsh83bk0fg6-vscodium-1.91.1.24193/lib/vscode/resources/app/out/vs/code/node/sharedProcess/sharedProcessMain.js:54:22210)
    at R.toFileSystemProviderError (/nix/store/3j0nsr6g8fc0kb20hxhvfnsh83bk0fg6-vscodium-1.91.1.24193/lib/vscode/resources/app/out/vs/code/node/sharedProcess/sharedProcessMain.js:59:47900)
    at R.stat (/nix/store/3j0nsr6g8fc0kb20hxhvfnsh83bk0fg6-vscodium-1.91.1.24193/lib/vscode/resources/app/out/vs/code/node/sharedProcess/sharedProcessMain.js:59:38403)
    at async s.stat (/nix/store/3j0nsr6g8fc0kb20hxhvfnsh83bk0fg6-vscodium-1.91.1.24193/lib/vscode/resources/app/out/vs/code/node/sharedProcess/sharedProcessMain.js:59:19760)
    at async z.onDidFilesChange (/nix/store/3j0nsr6g8fc0kb20hxhvfnsh83bk0fg6-vscodium-1.91.1.24193/lib/vscode/resources/app/out/vs/code/node/sharedProcess/sharedProcessMain.js:105:146943)
2024-08-11 17:12:13.562 [info] Uninstalling extension from the profile: xadillax.viml@2.1.2 vscode-userdata:/home/ser/.vscode-oss/extensions/extensions.json
2024-08-11 17:12:13.579 [info] Marked extension as uninstalled xadillax.viml-2.1.2-universal
2024-08-11 17:12:13.647 [error] [uncaught exception in sharedProcess]: Error: ENOENT: no such file or directory, stat '/home/ser/.vscode-oss/extensions/extensions.json.vsctmp': EntryNotFound (FileSystemError): Error: ENOENT: no such file or directory, stat '/home/ser/.vscode-oss/extensions/extensions.json.vsctmp'
    at u.create (/nix/store/3j0nsr6g8fc0kb20hxhvfnsh83bk0fg6-vscodium-1.91.1.24193/lib/vscode/resources/app/out/vs/code/node/sharedProcess/sharedProcessMain.js:54:22080)
    at d (/nix/store/3j0nsr6g8fc0kb20hxhvfnsh83bk0fg6-vscodium-1.91.1.24193/lib/vscode/resources/app/out/vs/code/node/sharedProcess/sharedProcessMain.js:54:22210)
    at R.toFileSystemProviderError (/nix/store/3j0nsr6g8fc0kb20hxhvfnsh83bk0fg6-vscodium-1.91.1.24193/lib/vscode/resources/app/out/vs/code/node/sharedProcess/sharedProcessMain.js:59:47900)
    at R.stat (/nix/store/3j0nsr6g8fc0kb20hxhvfnsh83bk0fg6-vscodium-1.91.1.24193/lib/vscode/resources/app/out/vs/code/node/sharedProcess/sharedProcessMain.js:59:38403)
    at async s.stat (/nix/store/3j0nsr6g8fc0kb20hxhvfnsh83bk0fg6-vscodium-1.91.1.24193/lib/vscode/resources/app/out/vs/code/node/sharedProcess/sharedProcessMain.js:59:19760)
    at async z.onDidFilesChange (/nix/store/3j0nsr6g8fc0kb20hxhvfnsh83bk0fg6-vscodium-1.91.1.24193/lib/vscode/resources/app/out/vs/code/node/sharedProcess/sharedProcessMain.js:105:146943)
2024-08-11 17:12:14.047 [info] Successfully uninstalled extension from the profile xadillax.viml@2.1.2 vscode-userdata:/home/ser/.vscode-oss/extensions/extensions.json
2024-08-11 17:12:17.552 [info] Getting Manifest... asvetliakov.vscode-neovim
2024-08-11 17:12:17.849 [info] Installing extension: asvetliakov.vscode-neovim {"isMachineScoped":false,"installPreReleaseVersion":false,"pinned":false,"profileLocation":{"$mid":1,"external":"vscode-userdata:/home/ser/.vscode-oss/extensions/extensions.json","path":"/home/ser/.vscode-oss/extensions/extensions.json","scheme":"vscode-userdata"},"installOnlyNewlyAddedFromExtensionPack":true,"isApplicationScoped":false,"productVersion":{"version":"1.91.1","date":"2024-07-11T18:37:25.588Z"}}
2024-08-11 17:12:20.564 [info] Extracted extension to file:///home/ser/.vscode-oss/extensions/asvetliakov.vscode-neovim-1.18.7-universal: asvetliakov.vscode-neovim
2024-08-11 17:12:20.572 [info] Renamed to /home/ser/.vscode-oss/extensions/asvetliakov.vscode-neovim-1.18.7-universal
2024-08-11 17:12:20.590 [info] Extension installed successfully: asvetliakov.vscode-neovim vscode-userdata:/home/ser/.vscode-oss/extensions/extensions.json
2024-08-11 17:12:20.653 [error] [uncaught exception in sharedProcess]: Error: ENOENT: no such file or directory, stat '/home/ser/.vscode-oss/extensions/extensions.json.vsctmp': EntryNotFound (FileSystemError): Error: ENOENT: no such file or directory, stat '/home/ser/.vscode-oss/extensions/extensions.json.vsctmp'
    at u.create (/nix/store/3j0nsr6g8fc0kb20hxhvfnsh83bk0fg6-vscodium-1.91.1.24193/lib/vscode/resources/app/out/vs/code/node/sharedProcess/sharedProcessMain.js:54:22080)
    at d (/nix/store/3j0nsr6g8fc0kb20hxhvfnsh83bk0fg6-vscodium-1.91.1.24193/lib/vscode/resources/app/out/vs/code/node/sharedProcess/sharedProcessMain.js:54:22210)
    at R.toFileSystemProviderError (/nix/store/3j0nsr6g8fc0kb20hxhvfnsh83bk0fg6-vscodium-1.91.1.24193/lib/vscode/resources/app/out/vs/code/node/sharedProcess/sharedProcessMain.js:59:47900)
    at R.stat (/nix/store/3j0nsr6g8fc0kb20hxhvfnsh83bk0fg6-vscodium-1.91.1.24193/lib/vscode/resources/app/out/vs/code/node/sharedProcess/sharedProcessMain.js:59:38403)
    at async s.stat (/nix/store/3j0nsr6g8fc0kb20hxhvfnsh83bk0fg6-vscodium-1.91.1.24193/lib/vscode/resources/app/out/vs/code/node/sharedProcess/sharedProcessMain.js:59:19760)
    at async z.onDidFilesChange (/nix/store/3j0nsr6g8fc0kb20hxhvfnsh83bk0fg6-vscodium-1.91.1.24193/lib/vscode/resources/app/out/vs/code/node/sharedProcess/sharedProcessMain.js:105:146943)
