2024-08-31 11:52:02.387 [info] Telemetry level is off
2024-08-31 11:52:02.387 [info] Experiments are disabled, only manually opted experiments are active.
2024-08-31 11:52:02.387 [error] Reading directory to watch failed [Error: ENOENT: no such file or directory, scandir '/home/ser/school/cs345/exercises/.pixi/envs'
	at Object.readdirSync (node:fs:1513:3)
	at t.readdirSync (node:electron/js2c/node_init:2:11289)
	at /home/ser/.vscode-oss/extensions/ms-python.python-2024.12.3-universal/out/client/extension.js:2:586747
	at /home/ser/.vscode-oss/extensions/ms-python.python-2024.12.3-universal/out/client/extension.js:2:586938
	at Array.map (<anonymous>)
	at d.initWatchers (/home/ser/.vscode-oss/extensions/ms-python.python-2024.12.3-universal/out/client/extension.js:2:586656)
	at async d.ensureWatchersReady (/home/ser/.vscode-oss/extensions/ms-python.python-2024.12.3-universal/out/client/extension.js:2:543067)] {
  errno: -2,
  syscall: 'scandir',
  code: 'ENOENT',
  path: '/home/ser/school/cs345/exercises/.pixi/envs'
}
2024-08-31 11:52:02.387 [error] Dir "/home/ser/school/cs345/exercises/.pixi/envs" is not watchable (directory does not exist)
2024-08-31 11:52:02.387 [info] Default formatter is set to null for workspace /home/ser/school/cs345/exercises
2024-08-31 11:52:02.387 [info] Starting Environment refresh
2024-08-31 11:52:02.387 [info] Searching for interpreters in posix paths locator
2024-08-31 11:52:02.387 [info] Searching for pyenv environments
2024-08-31 11:52:02.387 [info] Searching for conda environments
2024-08-31 11:52:02.387 [info] Searching for global virtual environments
2024-08-31 11:52:02.387 [info] Searching for custom virtual environments
2024-08-31 11:52:02.387 [info] pyenv is not installed
2024-08-31 11:52:02.387 [info] Finished searching for pyenv environments: 6 milliseconds
2024-08-31 11:52:02.387 [info] Finished searching for custom virtual envs: 6 milliseconds
2024-08-31 11:52:02.387 [info] > conda info --json
2024-08-31 11:52:02.387 [info] > pixi --version
2024-08-31 11:52:02.387 [error] [Error: spawn pixi ENOENT
	at ChildProcess._handle.onexit (node:internal/child_process:286:19)
	at onErrorNT (node:internal/child_process:484:16)
	at process.processTicksAndRejections (node:internal/process/task_queues:82:21)] {
  errno: -2,
  code: 'ENOENT',
  syscall: 'spawn pixi',
  path: 'pixi',
  spawnargs: [ '--version' ]
}
2024-08-31 11:52:02.387 [info] > hatch env show --json
2024-08-31 11:52:02.387 [info] cwd: .
2024-08-31 11:52:02.387 [info] Finished searching for global virtual envs: 17 milliseconds
2024-08-31 11:52:02.394 [info] Found: /etc/profiles/per-user/ser/bin/python --> /nix/store/n6f74zh5hdjp9xhhn268rx9r6p55w8by-python3-3.11.9-env/bin/python
2024-08-31 11:52:02.395 [info] Found: /etc/profiles/per-user/ser/bin/python3 --> /nix/store/n6f74zh5hdjp9xhhn268rx9r6p55w8by-python3-3.11.9-env/bin/python3
2024-08-31 11:52:02.395 [info] Found: /etc/profiles/per-user/ser/bin/python3.11 --> /nix/store/n6f74zh5hdjp9xhhn268rx9r6p55w8by-python3-3.11.9-env/bin/python3.11
2024-08-31 11:52:02.397 [info] > /etc/profiles/per-user/ser/bin/python3.11 -I ~/.vscode-oss/extensions/ms-python.python-2024.12.3-universal/python_files/get_output_via_markers.py ~/.vscode-oss/extensions/ms-python.python-2024.12.3-universal/python_files/interpreterInfo.py
2024-08-31 11:52:02.409 [info] > /etc/profiles/per-user/ser/bin/python -I ~/.vscode-oss/extensions/ms-python.python-2024.12.3-universal/python_files/get_output_via_markers.py ~/.vscode-oss/extensions/ms-python.python-2024.12.3-universal/python_files/interpreterInfo.py
2024-08-31 11:52:02.411 [info] > pyenv which python
2024-08-31 11:52:02.411 [info] cwd: .
2024-08-31 11:52:02.429 [info] Finished searching for interpreters in posix paths locator: 67 milliseconds
2024-08-31 11:52:02.430 [info] Environments refresh paths discovered (event): 68 milliseconds
2024-08-31 11:52:02.430 [info] Environments refresh paths discovered: 68 milliseconds
2024-08-31 11:52:02.473 [info] > /etc/profiles/per-user/ser/bin/python3 -I ~/.vscode-oss/extensions/ms-python.python-2024.12.3-universal/python_files/get_output_via_markers.py ~/.vscode-oss/extensions/ms-python.python-2024.12.3-universal/python_files/interpreterInfo.py
2024-08-31 11:52:02.474 [info] Python interpreter path: /etc/profiles/per-user/ser/bin/python3.11
2024-08-31 11:52:02.486 [warning] could not find a pixi interpreter for the interpreter at /etc/profiles/per-user/ser/bin/python3.11
2024-08-31 11:52:02.492 [warning] could not find a pixi interpreter for the interpreter at /etc/profiles/per-user/ser/bin/python3.11
2024-08-31 11:52:02.493 [info] Environments refresh finished (event): 131 milliseconds
2024-08-31 11:52:02.494 [info] Environment refresh took 132 milliseconds
2024-08-31 11:52:02.494 [info] Python interpreter path: /etc/profiles/per-user/ser/bin/python3
2024-08-31 11:52:02.496 [warning] could not find a pixi interpreter for the interpreter at /etc/profiles/per-user/ser/bin/python3.11
2024-08-31 11:52:02.496 [error] Invalid version for /etc/profiles/per-user/ser/bin/python3.11: {"name":"","location":"","kind":"global-other","executable":{"filename":"/etc/profiles/per-user/ser/bin/python3.11","sysPrefix":"","ctime":1724399021718,"mtime":1000},"display":"Python 3.11.x","version":{"major":3,"minor":11,"micro":-1},"arch":1,"distro":{"org":""},"source":["path env var"],"id":"/etc/profiles/per-user/ser/bin/python3.11","detailedDisplayName":"Python 3.11.x"}
2024-08-31 11:52:02.496 [error] Invalid version for /etc/profiles/per-user/ser/bin/python3.11: {"name":"","location":"","kind":"global-other","executable":{"filename":"/etc/profiles/per-user/ser/bin/python3.11","sysPrefix":"","ctime":1724399021718,"mtime":1000},"display":"Python 3.11.x","version":{"major":3,"minor":11,"micro":-1},"arch":1,"distro":{"org":""},"source":["path env var"],"id":"/etc/profiles/per-user/ser/bin/python3.11","detailedDisplayName":"Python 3.11.x"}
2024-08-31 11:52:02.497 [warning] could not find a pixi interpreter for the interpreter at /etc/profiles/per-user/ser/bin/python3.11
2024-08-31 11:52:02.968 [info] Starting Jedi language server for exercises.
2024-08-31 11:52:03.284 [error] Invalid version for /etc/profiles/per-user/ser/bin/python3.11: {"name":"","location":"","kind":"global-other","executable":{"filename":"/etc/profiles/per-user/ser/bin/python3.11","sysPrefix":"","ctime":1724399021718,"mtime":1000},"display":"Python 3.11.x","version":{"major":3,"minor":11,"micro":-1},"arch":1,"distro":{"org":""},"source":["path env var"],"id":"/etc/profiles/per-user/ser/bin/python3.11","detailedDisplayName":"Python 3.11.x"}
2024-08-31 11:52:03.303 [error] Invalid version for /etc/profiles/per-user/ser/bin/python3.11: {"name":"","location":"","kind":"global-other","executable":{"filename":"/etc/profiles/per-user/ser/bin/python3.11","sysPrefix":"","ctime":1724399021718,"mtime":1000},"display":"Python 3.11.x","version":{"major":3,"minor":11,"micro":-1},"arch":1,"distro":{"org":""},"source":["path env var"],"id":"/etc/profiles/per-user/ser/bin/python3.11","detailedDisplayName":"Python 3.11.x"}
2024-08-31 13:04:26.808 [error] Invalid version for /etc/profiles/per-user/ser/bin/python3.11: {"name":"","location":"","kind":"global-other","executable":{"filename":"/etc/profiles/per-user/ser/bin/python3.11","sysPrefix":"","ctime":1724399021718,"mtime":1000},"display":"Python 3.11.x","version":{"major":3,"minor":11,"micro":-1},"arch":1,"distro":{"org":""},"source":["path env var"],"id":"/etc/profiles/per-user/ser/bin/python3.11","detailedDisplayName":"Python 3.11.x"}
