2024-08-09 09:51:09 Loading main app package /nix/store/q1dn93hn9x6lb8an9w541ph25qg9pjml-obsidian-1.6.7/share/obsidian/obsidian.asar
2024-08-09 09:51:09 Checking for update using Github
2024-08-09 09:51:09 Success.
2024-08-09 09:51:09 Latest version is 1.6.7
2024-08-09 09:51:09 App is up to date.
2024-08-10 06:05:41 Loading main app package /nix/store/q1dn93hn9x6lb8an9w541ph25qg9pjml-obsidian-1.6.7/share/obsidian/obsidian.asar
2024-08-10 06:05:41 Checking for update using Github
2024-08-10 06:05:42 Success.
2024-08-10 06:05:42 Latest version is 1.6.7
2024-08-10 06:05:42 App is up to date.
2024-08-11 13:29:50 Loading main app package /nix/store/q1dn93hn9x6lb8an9w541ph25qg9pjml-obsidian-1.6.7/share/obsidian/obsidian.asar
2024-08-11 13:29:50 Checking for update using Github
2024-08-11 13:29:50 Success.
2024-08-11 13:29:50 Latest version is 1.6.7
2024-08-11 13:29:50 App is up to date.
2024-08-14 05:28:00 Loading main app package /nix/store/q1dn93hn9x6lb8an9w541ph25qg9pjml-obsidian-1.6.7/share/obsidian/obsidian.asar
2024-08-14 05:28:00 Checking for update using Github
2024-08-14 05:28:25 Failed to check for update using Github (net::ERR_NAME_NOT_RESOLVED)
2024-08-14 05:28:25 Checking for update using obsidian.md
2024-08-14 05:28:41 Failed to check for update using obsidian.md (net::ERR_NAME_NOT_RESOLVED)
2024-08-14 05:37:42 Loading main app package /nix/store/q1dn93hn9x6lb8an9w541ph25qg9pjml-obsidian-1.6.7/share/obsidian/obsidian.asar
2024-08-14 05:37:42 Checking for update using Github
2024-08-14 05:37:42 Success.
2024-08-14 05:37:42 Latest version is 1.6.7
2024-08-14 05:37:42 App is up to date.
2024-08-15 22:36:06 Loading main app package /nix/store/q1dn93hn9x6lb8an9w541ph25qg9pjml-obsidian-1.6.7/share/obsidian/obsidian.asar
2024-08-15 22:36:06 Checking for update using Github
2024-08-15 22:36:07 Success.
2024-08-15 22:36:07 Latest version is 1.6.7
2024-08-15 22:36:07 App is up to date.
2024-08-16 01:18:06 Loading main app package /nix/store/q1dn93hn9x6lb8an9w541ph25qg9pjml-obsidian-1.6.7/share/obsidian/obsidian.asar
2024-08-16 01:18:06 Checking for update using Github
2024-08-16 01:18:06 Success.
2024-08-16 01:18:06 Latest version is 1.6.7
2024-08-16 01:18:06 App is up to date.
2024-08-16 08:45:39 Loading main app package /nix/store/q1dn93hn9x6lb8an9w541ph25qg9pjml-obsidian-1.6.7/share/obsidian/obsidian.asar
2024-08-16 08:45:39 Checking for update using Github
2024-08-16 08:52:10 Loading main app package /nix/store/q1dn93hn9x6lb8an9w541ph25qg9pjml-obsidian-1.6.7/share/obsidian/obsidian.asar
2024-08-16 08:52:10 Checking for update using Github
2024-08-16 08:52:12 Success.
2024-08-16 08:52:12 Latest version is 1.6.7
2024-08-16 08:52:12 App is up to date.
2024-08-25 21:24:33 Loading main app package /nix/store/q1dn93hn9x6lb8an9w541ph25qg9pjml-obsidian-1.6.7/share/obsidian/obsidian.asar
2024-08-25 21:24:33 Checking for update using Github
2024-08-25 21:24:33 Success.
2024-08-25 21:24:33 Latest version is 1.6.7
2024-08-25 21:24:33 App is up to date.
2024-08-26 17:53:40 Loading main app package /nix/store/q1dn93hn9x6lb8an9w541ph25qg9pjml-obsidian-1.6.7/share/obsidian/obsidian.asar
2024-08-26 17:53:40 Checking for update using Github
2024-08-26 17:53:40 Checking for update using Github
2024-08-26 17:53:41 Success.
2024-08-26 17:53:41 Latest version is 1.6.7
2024-08-26 17:53:41 App is up to date.
2024-08-27 15:06:46 Checking for update using Github
2024-09-07 06:49:39 Loading main app package /nix/store/aa7m34g8wq3xh3bynprpl18hdpd2q0k4-obsidian-1.6.7/share/obsidian/obsidian.asar
2024-09-07 06:49:40 Checking for update using Github
2024-09-07 06:49:40 Success.
2024-09-07 06:49:40 Latest version is 1.6.7
2024-09-07 06:49:40 App is up to date.
2024-09-07 06:50:07 Loading main app package /nix/store/aa7m34g8wq3xh3bynprpl18hdpd2q0k4-obsidian-1.6.7/share/obsidian/obsidian.asar
2024-09-07 06:50:07 Checking for update using Github
2024-09-07 06:50:07 Success.
2024-09-07 06:50:07 Latest version is 1.6.7
2024-09-07 06:50:07 App is up to date.
