VSCodium (1.91.1, undefined, desktop)
Jupyter Extension Version: 2024.6.0.
Python Extension Version: 2024.12.3.
Pylance Extension not installed.
Platform: linux (arm64).
Workspace folder ~/school/cs345/exercises, Home = /home/ser
11:52:02.129 [info] Telemetry level is off
11:52:02.129 [info] Experiments are disabled, only manually opted experiments are active.
11:52:02.429 [info] Starting Kernel (Python Path: /etc/profiles/per-u~/~/bin/python3.11, Unknown, 3.11.undefined) for '~/school/cs345/exercises/exercise_01_python_csv_files.ipynb' (disableUI=true)
11:52:02.467 [info] Starting Kernel (Python Path: /etc/profiles/per-u~/~/bin/python3.11, Unknown, 3.11.undefined) for '~/school/cs345/exercises/exercise_02_numpy.ipynb' (disableUI=true)
11:52:02.790 [warn] Failed to get activated env vars for /etc/profiles/per-u~/~/bin/python3.11 in 304ms
11:52:02.794 [info] Process Execution: /etc/profiles/per-u~/~/bin/python3.11 -c "import site;print("U~_BASE_VALUE");print(site.U~_BASE);print("U~_BASE_VALUE");"
11:52:02.794 [warn] Failed to get activated env vars for /etc/profiles/per-u~/~/bin/python3.11 in 302ms
11:52:02.795 [warn] Failed to get activated env vars for /etc/profiles/per-u~/~/bin/python3.11 in 300ms
11:52:02.795 [warn] Failed to get activated env vars for /etc/profiles/per-u~/~/bin/python3.11 in 299ms
11:52:02.821 [info] Process Execution: /etc/profiles/per-u~/~/bin/python3.11 -c "import ipykernel; print(ipykernel.__version__); print("5dc3a68c-e34e-4080-9c3e-2a532b2ccb4d"); print(ipykernel.__file__)"
11:52:02.825 [info] Process Execution: /etc/profiles/per-u~/~/bin/python3.11 -m pip list
11:52:02.828 [info] Process Execution: /etc/profiles/per-u~/~/bin/python3.11 -c "import ipykernel; print(ipykernel.__version__); print("5dc3a68c-e34e-4080-9c3e-2a532b2ccb4d"); print(ipykernel.__file__)"
11:52:02.831 [info] Process Execution: /etc/profiles/per-u~/~/bin/python3.11 -m ipykernel_launcher --f=/home/~/.local/share/jupyter/runtime/kernel-v2-17729QRhE4YS542be.json
    > cwd: //home/~/school/cs345/exercises
11:52:02.833 [info] Process Execution: /etc/profiles/per-u~/~/bin/python3.11 -m ipykernel_launcher --f=/home/~/.local/share/jupyter/runtime/kernel-v2-17729epIuAiSDlR0K.json
    > cwd: //home/~/school/cs345/exercises
11:52:03.283 [info] Kernel successfully started
11:52:03.286 [info] Process Execution: /etc/profiles/per-u~/~/bin/python3.11 /home/~/.vscode-oss/extensions/ms-toolsai.jupyter-2024.6.0-universal/pythonFiles/printJupyterDataDir.py
11:52:03.303 [warn] Unable to find sysPrefix for interpreter /etc/profiles/per-u~/~/bin/python3.11
11:52:03.305 [info] Kernel successfully started
12:22:44.788 [warn] Cell completed with errors [Qd [Error]: cannot reshape array of size 9 into shape (3,)
	at n.execute (/home/~/.vscode-oss/extensions/ms-toolsai.jupyter-2024.6.0-universal/dist/extension.node.js:297:4958)] {
  ename: 'ValueError',
  evalue: 'cannot reshape array of size 9 into shape (3,)',
  traceback: [
    '\x1B[0;31m---------------------------------------------------------------------------\x1B[0m',
    '\x1B[0;31mValueError\x1B[0m                                Traceback (most recent call last)',
    'Cell \x1B[0;32mIn[1], line 2\x1B[0m\n' +
      '\x1B[1;32m      1\x1B[0m \x1B[38;5;28;01mimport\x1B[39;00m \x1B[38;5;21;01mnumpy\x1B[39;00m \x1B[38;5;28;01mas\x1B[39;00m \x1B[38;5;21;01mnp\x1B[39;00m\n' +
      '\x1B[0;32m----> 2\x1B[0m \x1B[43mnp\x1B[49m\x1B[38;5;241;43m.\x1B[39;49m\x1B[43mreshape\x1B[49m\x1B[43m(\x1B[49m\x1B[43m[\x1B[49m\x1B[43mi\x1B[49m\x1B[43m \x1B[49m\x1B[38;5;28;43;01mfor\x1B[39;49;00m\x1B[43m \x1B[49m\x1B[43mi\x1B[49m\x1B[43m \x1B[49m\x1B[38;5;129;43;01min\x1B[39;49;00m\x1B[43m \x1B[49m\x1B[38;5;28;43mrange\x1B[39;49m\x1B[43m(\x1B[49m\x1B[38;5;241;43m9\x1B[39;49m\x1B[43m)\x1B[49m\x1B[43m]\x1B[49m\x1B[43m,\x1B[49m\x1B[43m \x1B[49m\x1B[38;5;241;43m3\x1B[39;49m\x1B[43m)\x1B[49m\n',
    'File \x1B[0;32m/nix/store/n6f74zh5hdjp9xhhn268rx9r6p55w8by-python3-3.11.9-env/lib/python3.11/site-packages/numpy/core/fromnumeric.py:285\x1B[0m, in \x1B[0;36mreshape\x1B[0;34m(a, newshape, order)\x1B[0m\n' +
      '\x1B[1;32m    200\x1B[0m \x1B[38;5;129m@array_function_dispatch\x1B[39m(_reshape_dispatcher)\n' +
      "\x1B[1;32m    201\x1B[0m \x1B[38;5;28;01mdef\x1B[39;00m \x1B[38;5;21mreshape\x1B[39m(a, newshape, order\x1B[38;5;241m=\x1B[39m\x1B[38;5;124m'\x1B[39m\x1B[38;5;124mC\x1B[39m\x1B[38;5;124m'\x1B[39m):\n" +
      '\x1B[1;32m    202\x1B[0m \x1B[38;5;250m    \x1B[39m\x1B[38;5;124;03m"""\x1B[39;00m\n' +
      '\x1B[1;32m    203\x1B[0m \x1B[38;5;124;03m    Gives a new shape to an array without changing its data.\x1B[39;00m\n' +
      '\x1B[1;32m    204\x1B[0m \n' +
      '\x1B[0;32m   (...)\x1B[0m\n' +
      '\x1B[1;32m    283\x1B[0m \x1B[38;5;124;03m           [5, 6]])\x1B[39;00m\n' +
      '\x1B[1;32m    284\x1B[0m \x1B[38;5;124;03m    """\x1B[39;00m\n' +
      "\x1B[0;32m--> 285\x1B[0m     \x1B[38;5;28;01mreturn\x1B[39;00m \x1B[43m_wrapfunc\x1B[49m\x1B[43m(\x1B[49m\x1B[43ma\x1B[49m\x1B[43m,\x1B[49m\x1B[43m \x1B[49m\x1B[38;5;124;43m'\x1B[39;49m\x1B[38;5;124;43mreshape\x1B[39;49m\x1B[38;5;124;43m'\x1B[39;49m\x1B[43m,\x1B[49m\x1B[43m \x1B[49m\x1B[43mnewshape\x1B[49m\x1B[43m,\x1B[49m\x1B[43m \x1B[49m\x1B[43morder\x1B[49m\x1B[38;5;241;43m=\x1B[39;49m\x1B[43morder\x1B[49m\x1B[43m)\x1B[49m\n",
    'File \x1B[0;32m/nix/store/n6f74zh5hdjp9xhhn268rx9r6p55w8by-python3-3.11.9-env/lib/python3.11/site-packages/numpy/core/fromnumeric.py:56\x1B[0m, in \x1B[0;36m_wrapfunc\x1B[0;34m(obj, method, *args, **kwds)\x1B[0m\n' +
      '\x1B[1;32m     54\x1B[0m bound \x1B[38;5;241m=\x1B[39m \x1B[38;5;28mgetattr\x1B[39m(obj, method, \x1B[38;5;28;01mNone\x1B[39;00m)\n' +
      '\x1B[1;32m     55\x1B[0m \x1B[38;5;28;01mif\x1B[39;00m bound \x1B[38;5;129;01mis\x1B[39;00m \x1B[38;5;28;01mNone\x1B[39;00m:\n' +
      '\x1B[0;32m---> 56\x1B[0m     \x1B[38;5;28;01mreturn\x1B[39;00m \x1B[43m_wrapit\x1B[49m\x1B[43m(\x1B[49m\x1B[43mobj\x1B[49m\x1B[43m,\x1B[49m\x1B[43m \x1B[49m\x1B[43mmethod\x1B[49m\x1B[43m,\x1B[49m\x1B[43m \x1B[49m\x1B[38;5;241;43m*\x1B[39;49m\x1B[43margs\x1B[49m\x1B[43m,\x1B[49m\x1B[43m \x1B[49m\x1B[38;5;241;43m*\x1B[39;49m\x1B[38;5;241;43m*\x1B[39;49m\x1B[43mkwds\x1B[49m\x1B[43m)\x1B[49m\n' +
      '\x1B[1;32m     58\x1B[0m \x1B[38;5;28;01mtry\x1B[39;00m:\n' +
      '\x1B[1;32m     59\x1B[0m     \x1B[38;5;28;01mreturn\x1B[39;00m bound(\x1B[38;5;241m*\x1B[39margs, \x1B[38;5;241m*\x1B[39m\x1B[38;5;241m*\x1B[39mkwds)\n',
    'File \x1B[0;32m/nix/store/n6f74zh5hdjp9xhhn268rx9r6p55w8by-python3-3.11.9-env/lib/python3.11/site-packages/numpy/core/fromnumeric.py:45\x1B[0m, in \x1B[0;36m_wrapit\x1B[0;34m(obj, method, *args, **kwds)\x1B[0m\n' +
      '\x1B[1;32m     43\x1B[0m \x1B[38;5;28;01mexcept\x1B[39;00m \x1B[38;5;167;01mAttributeError\x1B[39;00m:\n' +
      '\x1B[1;32m     44\x1B[0m     wrap \x1B[38;5;241m=\x1B[39m \x1B[38;5;28;01mNone\x1B[39;00m\n' +
      '\x1B[0;32m---> 45\x1B[0m result \x1B[38;5;241m=\x1B[39m \x1B[38;5;28;43mgetattr\x1B[39;49m\x1B[43m(\x1B[49m\x1B[43masarray\x1B[49m\x1B[43m(\x1B[49m\x1B[43mobj\x1B[49m\x1B[43m)\x1B[49m\x1B[43m,\x1B[49m\x1B[43m \x1B[49m\x1B[43mmethod\x1B[49m\x1B[43m)\x1B[49m\x1B[43m(\x1B[49m\x1B[38;5;241;43m*\x1B[39;49m\x1B[43margs\x1B[49m\x1B[43m,\x1B[49m\x1B[43m \x1B[49m\x1B[38;5;241;43m*\x1B[39;49m\x1B[38;5;241;43m*\x1B[39;49m\x1B[43mkwds\x1B[49m\x1B[43m)\x1B[49m\n' +
      '\x1B[1;32m     46\x1B[0m \x1B[38;5;28;01mif\x1B[39;00m wrap:\n' +
      '\x1B[1;32m     47\x1B[0m     \x1B[38;5;28;01mif\x1B[39;00m \x1B[38;5;129;01mnot\x1B[39;00m \x1B[38;5;28misinstance\x1B[39m(result, mu\x1B[38;5;241m.\x1B[39mndarray):\n',
    '\x1B[0;31mValueError\x1B[0m: cannot reshape array of size 9 into shape (3,)'
  ]
}
12:25:15.716 [warn] Cell completed with errors [Qd [Error]: invalid syntax. Perhaps you forgot a comma? (2640391077.py, line 1)
	at n.execute (/home/~/.vscode-oss/extensions/ms-toolsai.jupyter-2024.6.0-universal/dist/extension.node.js:297:4958)] {
  ename: 'SyntaxError',
  evalue: 'invalid syntax. Perhaps you forgot a comma? (2640391077.py, line 1)',
  traceback: [
    '\x1B[0;36m  Cell \x1B[0;32mIn[8], line 1\x1B[0;36m\x1B[0m\n' +
      '\x1B[0;31m    np.reshape([(float)i for i in range(9)], (3,3))\x1B[0m\n' +
      '\x1B[0m                 ^\x1B[0m\n' +
      '\x1B[0;31mSyntaxError\x1B[0m\x1B[0;31m:\x1B[0m invalid syntax. Perhaps you forgot a comma?\n'
  ]
}
12:33:55.146 [warn] Cell completed with errors [Qd [Error]: invalid syntax (3267471416.py, line 2)
	at n.execute (/home/~/.vscode-oss/extensions/ms-toolsai.jupyter-2024.6.0-universal/dist/extension.node.js:297:4958)] {
  ename: 'SyntaxError',
  evalue: 'invalid syntax (3267471416.py, line 2)',
  traceback: [
    '\x1B[0;36m  Cell \x1B[0;32mIn[14], line 2\x1B[0;36m\x1B[0m\n' +
      '\x1B[0;31m    for (r in range(10)):\x1B[0m\n' +
      '\x1B[0m                        ^\x1B[0m\n' +
      '\x1B[0;31mSyntaxError\x1B[0m\x1B[0;31m:\x1B[0m invalid syntax\n'
  ]
}
12:41:13.045 [warn] Cell completed with errors [Qd [Error]: incomplete input (3495297998.py, line 16)
	at n.execute (/home/~/.vscode-oss/extensions/ms-toolsai.jupyter-2024.6.0-universal/dist/extension.node.js:297:4958)] {
  ename: 'SyntaxError',
  evalue: 'incomplete input (3495297998.py, line 16)',
  traceback: [
    '\x1B[0;36m  Cell \x1B[0;32mIn[16], line 16\x1B[0;36m\x1B[0m\n' +
      '\x1B[0;31m    # arr\x1B[0m\n' +
      '\x1B[0m         ^\x1B[0m\n' +
      '\x1B[0;31mSyntaxError\x1B[0m\x1B[0;31m:\x1B[0m incomplete input\n'
  ]
}
12:41:32.016 [warn] Cell completed with errors [Qd [Error]: '(' was never closed (4064964939.py, line 4)
	at n.execute (/home/~/.vscode-oss/extensions/ms-toolsai.jupyter-2024.6.0-universal/dist/extension.node.js:297:4958)] {
  ename: 'SyntaxError',
  evalue: "'(' was never closed (4064964939.py, line 4)",
  traceback: [
    '\x1B[0;36m  Cell \x1B[0;32mIn[17], line 4\x1B[0;36m\x1B[0m\n' +
      '\x1B[0;31m    np.zeros(np.shape(num_rows, num_cols)\x1B[0m\n' +
      '\x1B[0m            ^\x1B[0m\n' +
      "\x1B[0;31mSyntaxError\x1B[0m\x1B[0;31m:\x1B[0m '(' was never closed\n"
  ]
}
12:41:39.306 [warn] Cell completed with errors [Qd [Error]: invalid syntax (1743659388.py, line 6)
	at n.execute (/home/~/.vscode-oss/extensions/ms-toolsai.jupyter-2024.6.0-universal/dist/extension.node.js:297:4958)] {
  ename: 'SyntaxError',
  evalue: 'invalid syntax (1743659388.py, line 6)',
  traceback: [
    '\x1B[0;36m  Cell \x1B[0;32mIn[18], line 6\x1B[0;36m\x1B[0m\n' +
      '\x1B[0;31m    // arr = []\x1B[0m\n' +
      '\x1B[0m    ^\x1B[0m\n' +
      '\x1B[0;31mSyntaxError\x1B[0m\x1B[0;31m:\x1B[0m invalid syntax\n'
  ]
}
12:41:51.007 [warn] Cell completed with errors [Qd [Error]: name 'num_rows' is not defined
	at n.execute (/home/~/.vscode-oss/extensions/ms-toolsai.jupyter-2024.6.0-universal/dist/extension.node.js:297:4958)] {
  ename: 'NameError',
  evalue: "name 'num_rows' is not defined",
  traceback: [
    '\x1B[0;31m---------------------------------------------------------------------------\x1B[0m',
    '\x1B[0;31mNameError\x1B[0m                                 Traceback (most recent call last)',
    'Cell \x1B[0;32mIn[19], line 4\x1B[0m\n' +
      '\x1B[1;32m      1\x1B[0m \x1B[38;5;28;01mdef\x1B[39;00m \x1B[38;5;21mmake_border_array\x1B[39m(num_rows, num_cols):\n' +
      '\x1B[1;32m      2\x1B[0m     \x1B[38;5;28;01mreturn\x1B[39;00m\n' +
      '\x1B[0;32m----> 4\x1B[0m np\x1B[38;5;241m.\x1B[39mzeros(np\x1B[38;5;241m.\x1B[39mshape(\x1B[43mnum_rows\x1B[49m, num_cols))\n' +
      '\x1B[1;32m      6\x1B[0m \x1B[38;5;66;03m# arr = []\x1B[39;00m\n' +
      '\x1B[1;32m      7\x1B[0m \x1B[38;5;66;03m# for r in range(10):\x1B[39;00m\n' +
      '\x1B[1;32m      8\x1B[0m \x1B[38;5;66;03m#     row = []\x1B[39;00m\n' +
      '\x1B[0;32m   (...)\x1B[0m\n' +
      '\x1B[1;32m     15\x1B[0m \x1B[38;5;66;03m#                \x1B[39;00m\n' +
      '\x1B[1;32m     16\x1B[0m \x1B[38;5;66;03m# arr\x1B[39;00m\n',
    "\x1B[0;31mNameError\x1B[0m: name 'num_rows' is not defined"
  ]
}
12:42:04.890 [warn] Cell completed with errors [Qd [Error]: shape() takes 1 positional argument but 2 were given
	at n.execute (/home/~/.vscode-oss/extensions/ms-toolsai.jupyter-2024.6.0-universal/dist/extension.node.js:297:4958)] {
  ename: 'TypeError',
  evalue: 'shape() takes 1 positional argument but 2 were given',
  traceback: [
    '\x1B[0;31m---------------------------------------------------------------------------\x1B[0m',
    '\x1B[0;31mTypeError\x1B[0m                                 Traceback (most recent call last)',
    'Cell \x1B[0;32mIn[20], line 4\x1B[0m\n' +
      '\x1B[1;32m      1\x1B[0m \x1B[38;5;28;01mdef\x1B[39;00m \x1B[38;5;21mmake_border_array\x1B[39m(num_rows, num_cols):\n' +
      '\x1B[1;32m      2\x1B[0m     \x1B[38;5;28;01mreturn\x1B[39;00m\n' +
      '\x1B[0;32m----> 4\x1B[0m np\x1B[38;5;241m.\x1B[39mzeros(\x1B[43mnp\x1B[49m\x1B[38;5;241;43m.\x1B[39;49m\x1B[43mshape\x1B[49m\x1B[43m(\x1B[49m\x1B[38;5;241;43m10\x1B[39;49m\x1B[43m,\x1B[49m\x1B[43m \x1B[49m\x1B[38;5;241;43m10\x1B[39;49m\x1B[43m)\x1B[49m)\n' +
      '\x1B[1;32m      6\x1B[0m \x1B[38;5;66;03m# arr = []\x1B[39;00m\n' +
      '\x1B[1;32m      7\x1B[0m \x1B[38;5;66;03m# for r in range(10):\x1B[39;00m\n' +
      '\x1B[1;32m      8\x1B[0m \x1B[38;5;66;03m#     row = []\x1B[39;00m\n' +
      '\x1B[0;32m   (...)\x1B[0m\n' +
      '\x1B[1;32m     15\x1B[0m \x1B[38;5;66;03m#                \x1B[39;00m\n' +
      '\x1B[1;32m     16\x1B[0m \x1B[38;5;66;03m# arr\x1B[39;00m\n',
    '\x1B[0;31mTypeError\x1B[0m: shape() takes 1 positional argument but 2 were given'
  ]
}
12:46:03.473 [warn] Cell completed with errors [Qd [Error]: index 10 is out of bounds for axis 0 with size 10
	at n.execute (/home/~/.vscode-oss/extensions/ms-toolsai.jupyter-2024.6.0-universal/dist/extension.node.js:297:4958)] {
  ename: 'IndexError',
  evalue: 'index 10 is out of bounds for axis 0 with size 10',
  traceback: [
    '\x1B[0;31m---------------------------------------------------------------------------\x1B[0m',
    '\x1B[0;31mIndexError\x1B[0m                                Traceback (most recent call last)',
    'Cell \x1B[0;32mIn[22], line 12\x1B[0m\n' +
      '\x1B[1;32m      8\x1B[0m         res[num_rows][c] \x1B[38;5;241m=\x1B[39m \x1B[38;5;241m1\x1B[39m\n' +
      '\x1B[1;32m     10\x1B[0m     \x1B[38;5;28;01mreturn\x1B[39;00m res\n' +
      '\x1B[0;32m---> 12\x1B[0m \x1B[43mmake_border_array\x1B[49m\x1B[43m(\x1B[49m\x1B[38;5;241;43m10\x1B[39;49m\x1B[43m,\x1B[49m\x1B[43m \x1B[49m\x1B[38;5;241;43m10\x1B[39;49m\x1B[43m)\x1B[49m\n',
    'Cell \x1B[0;32mIn[22], line 5\x1B[0m, in \x1B[0;36mmake_border_array\x1B[0;34m(num_rows, num_cols)\x1B[0m\n' +
      '\x1B[1;32m      3\x1B[0m \x1B[38;5;28;01mfor\x1B[39;00m r \x1B[38;5;129;01min\x1B[39;00m \x1B[38;5;28mrange\x1B[39m(num_rows):\n' +
      '\x1B[1;32m      4\x1B[0m     res[\x1B[38;5;241m0\x1B[39m][r] \x1B[38;5;241m=\x1B[39m \x1B[38;5;241m1\x1B[39m\n' +
      '\x1B[0;32m----> 5\x1B[0m     \x1B[43mres\x1B[49m\x1B[43m[\x1B[49m\x1B[43mnum_cols\x1B[49m\x1B[43m]\x1B[49m[r] \x1B[38;5;241m=\x1B[39m \x1B[38;5;241m1\x1B[39m\n' +
      '\x1B[1;32m      6\x1B[0m \x1B[38;5;28;01mfor\x1B[39;00m c \x1B[38;5;129;01min\x1B[39;00m \x1B[38;5;28mrange\x1B[39m(num_cols):\n' +
      '\x1B[1;32m      7\x1B[0m     res[\x1B[38;5;241m0\x1B[39m][c] \x1B[38;5;241m=\x1B[39m \x1B[38;5;241m1\x1B[39m\n',
    '\x1B[0;31mIndexError\x1B[0m: index 10 is out of bounds for axis 0 with size 10'
  ]
}
12:46:45.208 [warn] Cell completed with errors [Qd [Error]: index 10 is out of bounds for axis 0 with size 10
	at n.execute (/home/~/.vscode-oss/extensions/ms-toolsai.jupyter-2024.6.0-universal/dist/extension.node.js:297:4958)] {
  ename: 'IndexError',
  evalue: 'index 10 is out of bounds for axis 0 with size 10',
  traceback: [
    '\x1B[0;31m---------------------------------------------------------------------------\x1B[0m',
    '\x1B[0;31mIndexError\x1B[0m                                Traceback (most recent call last)',
    'Cell \x1B[0;32mIn[24], line 12\x1B[0m\n' +
      '\x1B[1;32m      8\x1B[0m         res[num_rows\x1B[38;5;241m-\x1B[39m\x1B[38;5;241m1\x1B[39m][c] \x1B[38;5;241m=\x1B[39m \x1B[38;5;241m1\x1B[39m\n' +
      '\x1B[1;32m     10\x1B[0m     \x1B[38;5;28;01mreturn\x1B[39;00m res\n' +
      '\x1B[0;32m---> 12\x1B[0m \x1B[43mmake_border_array\x1B[49m\x1B[43m(\x1B[49m\x1B[38;5;241;43m10\x1B[39;49m\x1B[43m,\x1B[49m\x1B[43m \x1B[49m\x1B[38;5;241;43m10\x1B[39;49m\x1B[43m)\x1B[49m\n',
    'Cell \x1B[0;32mIn[24], line 5\x1B[0m, in \x1B[0;36mmake_border_array\x1B[0;34m(num_rows, num_cols)\x1B[0m\n' +
      '\x1B[1;32m      3\x1B[0m \x1B[38;5;28;01mfor\x1B[39;00m r \x1B[38;5;129;01min\x1B[39;00m \x1B[38;5;28mrange\x1B[39m(num_rows):\n' +
      '\x1B[1;32m      4\x1B[0m     res[r][\x1B[38;5;241m0\x1B[39m] \x1B[38;5;241m=\x1B[39m \x1B[38;5;241m1\x1B[39m\n' +
      '\x1B[0;32m----> 5\x1B[0m     \x1B[43mres\x1B[49m\x1B[43m[\x1B[49m\x1B[43mr\x1B[49m\x1B[43m]\x1B[49m\x1B[43m[\x1B[49m\x1B[43mnum_cols\x1B[49m\x1B[43m]\x1B[49m \x1B[38;5;241m=\x1B[39m \x1B[38;5;241m1\x1B[39m\n' +
      '\x1B[1;32m      6\x1B[0m \x1B[38;5;28;01mfor\x1B[39;00m c \x1B[38;5;129;01min\x1B[39;00m \x1B[38;5;28mrange\x1B[39m(num_cols):\n' +
      '\x1B[1;32m      7\x1B[0m     res[\x1B[38;5;241m0\x1B[39m][c] \x1B[38;5;241m=\x1B[39m \x1B[38;5;241m1\x1B[39m\n',
    '\x1B[0;31mIndexError\x1B[0m: index 10 is out of bounds for axis 0 with size 10'
  ]
}
12:57:30.784 [warn] Cell completed with errors [Qd [Error]: invalid decimal literal (2826804056.py, line 3)
	at n.execute (/home/~/.vscode-oss/extensions/ms-toolsai.jupyter-2024.6.0-universal/dist/extension.node.js:297:4958)] {
  ename: 'SyntaxError',
  evalue: 'invalid decimal literal (2826804056.py, line 3)',
  traceback: [
    '\x1B[0;36m  Cell \x1B[0;32mIn[27], line 3\x1B[0;36m\x1B[0m\n' +
      '\x1B[0;31m    res = np.zeros(3n)\x1B[0m\n' +
      '\x1B[0m                   ^\x1B[0m\n' +
      '\x1B[0;31mSyntaxError\x1B[0m\x1B[0;31m:\x1B[0m invalid decimal literal\n'
  ]
}
12:57:43.697 [warn] Cell completed with errors [Qd [Error]: invalid decimal literal (2893173097.py, line 10)
	at n.execute (/home/~/.vscode-oss/extensions/ms-toolsai.jupyter-2024.6.0-universal/dist/extension.node.js:297:4958)] {
  ename: 'SyntaxError',
  evalue: 'invalid decimal literal (2893173097.py, line 10)',
  traceback: [
    '\x1B[0;36m  Cell \x1B[0;32mIn[28], line 10\x1B[0;36m\x1B[0m\n' +
      '\x1B[0;31m    for i in range(3, 3n):\x1B[0m\n' +
      '\x1B[0m                      ^\x1B[0m\n' +
      '\x1B[0;31mSyntaxError\x1B[0m\x1B[0;31m:\x1B[0m invalid decimal literal\n'
  ]
}
12:57:49.657 [warn] Cell completed with errors [Qd [Error]: 'return' outside function (193578488.py, line 4)
	at n.execute (/home/~/.vscode-oss/extensions/ms-toolsai.jupyter-2024.6.0-universal/dist/extension.node.js:297:4958)] {
  ename: 'SyntaxError',
  evalue: "'return' outside function (193578488.py, line 4)",
  traceback: [
    '\x1B[0;36m  Cell \x1B[0;32mIn[29], line 4\x1B[0;36m\x1B[0m\n' +
      '\x1B[0;31m    if (n == 0): return res\x1B[0m\n' +
      '\x1B[0m                 ^\x1B[0m\n' +
      "\x1B[0;31mSyntaxError\x1B[0m\x1B[0;31m:\x1B[0m 'return' outside function\n"
  ]
}
13:04:26.808 [warn] Unable to find sysPrefix for interpreter /etc/profiles/per-u~/~/bin/python3.11
13:04:26.808 [warn] No nbextensions folder found for kernel .jvsc74a57bd0728729ce7841cd79cd2236916b12c7a0ff6d695e5e9e136114af5301a67fa4a6./etc/profiles/per-u~/~/bin/python3.11./etc/profiles/per-u~/~/bin/python3.11.-m#ipykernel_launcher
13:04:35.549 [info] Dispose Kernel '~/school/cs345/exercises/exercise_01_python_csv_files.ipynb' associated with '~/school/cs345/exercises/exercise_01_python_csv_files.ipynb'
13:16:00.916 [warn] Cell completed with errors [Qd [Error]: name 'x' is not defined
	at n.execute (/home/~/.vscode-oss/extensions/ms-toolsai.jupyter-2024.6.0-universal/dist/extension.node.js:297:4958)] {
  ename: 'NameError',
  evalue: "name 'x' is not defined",
  traceback: [
    '\x1B[0;31m---------------------------------------------------------------------------\x1B[0m',
    '\x1B[0;31mNameError\x1B[0m                                 Traceback (most recent call last)',
    'Cell \x1B[0;32mIn[32], line 2\x1B[0m\n' +
      '\x1B[1;32m      1\x1B[0m a \x1B[38;5;241m=\x1B[39m np\x1B[38;5;241m.\x1B[39marray([\x1B[38;5;241m-\x1B[39m\x1B[38;5;241m1\x1B[39m, \x1B[38;5;241m3\x1B[39m, \x1B[38;5;241m-\x1B[39m\x1B[38;5;241m2\x1B[39m, \x1B[38;5;241m-\x1B[39m\x1B[38;5;241m3\x1B[39m, \x1B[38;5;241m5\x1B[39m, \x1B[38;5;241m6\x1B[39m, \x1B[38;5;241m-\x1B[39m\x1B[38;5;241m2\x1B[39m])\n' +
      '\x1B[0;32m----> 2\x1B[0m a[\x1B[43mx\x1B[49m\x1B[38;5;241m<\x1B[39m\x1B[38;5;241m0\x1B[39m] \x1B[38;5;241m=\x1B[39m \x1B[38;5;241m0\x1B[39m\n' +
      '\x1B[1;32m      3\x1B[0m a\n',
    "\x1B[0;31mNameError\x1B[0m: name 'x' is not defined"
  ]
}
13:16:17.422 [warn] Cell completed with errors [Qd [Error]: name 'z' is not defined
	at n.execute (/home/~/.vscode-oss/extensions/ms-toolsai.jupyter-2024.6.0-universal/dist/extension.node.js:297:4958)] {
  ename: 'NameError',
  evalue: "name 'z' is not defined",
  traceback: [
    '\x1B[0;31m---------------------------------------------------------------------------\x1B[0m',
    '\x1B[0;31mNameError\x1B[0m                                 Traceback (most recent call last)',
    'Cell \x1B[0;32mIn[33], line 2\x1B[0m\n' +
      '\x1B[1;32m      1\x1B[0m a \x1B[38;5;241m=\x1B[39m np\x1B[38;5;241m.\x1B[39marray([\x1B[38;5;241m-\x1B[39m\x1B[38;5;241m1\x1B[39m, \x1B[38;5;241m3\x1B[39m, \x1B[38;5;241m-\x1B[39m\x1B[38;5;241m2\x1B[39m, \x1B[38;5;241m-\x1B[39m\x1B[38;5;241m3\x1B[39m, \x1B[38;5;241m5\x1B[39m, \x1B[38;5;241m6\x1B[39m, \x1B[38;5;241m-\x1B[39m\x1B[38;5;241m2\x1B[39m])\n' +
      '\x1B[0;32m----> 2\x1B[0m a[\x1B[43mz\x1B[49m \x1B[38;5;241m<\x1B[39m \x1B[38;5;241m0\x1B[39m] \x1B[38;5;241m=\x1B[39m \x1B[38;5;241m0\x1B[39m\n' +
      '\x1B[1;32m      3\x1B[0m a\n',
    "\x1B[0;31mNameError\x1B[0m: name 'z' is not defined"
  ]
}
13:20:55.038 [warn] Cell completed with errors [Qd [Error]: invalid syntax (2481972796.py, line 13)
	at n.execute (/home/~/.vscode-oss/extensions/ms-toolsai.jupyter-2024.6.0-universal/dist/extension.node.js:297:4958)] {
  ename: 'SyntaxError',
  evalue: 'invalid syntax (2481972796.py, line 13)',
  traceback: [
    '\x1B[0;36m  Cell \x1B[0;32mIn[39], line 13\x1B[0;36m\x1B[0m\n' +
      '\x1B[0;31m    for i in range(len(a[0]):\x1B[0m\n' +
      '\x1B[0m                            ^\x1B[0m\n' +
      '\x1B[0;31mSyntaxError\x1B[0m\x1B[0;31m:\x1B[0m invalid syntax\n'
  ]
}
13:30:05.926 [warn] Cell completed with errors [Qd [Error]: invalid syntax (1000999503.py, line 3)
	at n.execute (/home/~/.vscode-oss/extensions/ms-toolsai.jupyter-2024.6.0-universal/dist/extension.node.js:297:4958)] {
  ename: 'SyntaxError',
  evalue: 'invalid syntax (1000999503.py, line 3)',
  traceback: [
    '\x1B[0;36m  Cell \x1B[0;32mIn[42], line 3\x1B[0;36m\x1B[0m\n' +
      '\x1B[0;31m    second[!second]\x1B[0m\n' +
      '\x1B[0m           ^\x1B[0m\n' +
      '\x1B[0;31mSyntaxError\x1B[0m\x1B[0;31m:\x1B[0m invalid syntax\n'
  ]
}
13:43:33.677 [info] Dispose Kernel '~/school/cs345/exercises/exercise_01_python_csv_files.ipynb' associated with '~/school/cs345/exercises/exercise_01_python_csv_files.ipynb'
13:43:33.677 [info] Dispose Kernel '~/school/cs345/exercises/exercise_02_numpy.ipynb' associated with '~/school/cs345/exercises/exercise_02_numpy.ipynb'
13:43:33.711 [warn] Failed to delete connection file file:///home/~/.local/share/jupyter/runtime/kernel-v2-17729epIuAiSDlR0K.json for pid 17882 [Canceled (FileSystemError): Canceled
	at C._handleError (/nix/store/3j0nsr6g8fc0kb20hxhvfnsh83bk0fg6-vscodium-1.91.1.24193/lib/vscode/resources/app/out/vs/workbench/api/node/extensionHostProcess.js:153:8770)
	at Object.stat (/nix/store/3j0nsr6g8fc0kb20hxhvfnsh83bk0fg6-vscodium-1.91.1.24193/lib/vscode/resources/app/out/vs/workbench/api/node/extensionHostProcess.js:153:4881)
	at async Wc.delete (/home/~/.vscode-oss/extensions/ms-toolsai.jupyter-2024.6.0-universal/dist/extension.node.js:239:15722)
	at async /home/~/.vscode-oss/extensions/ms-toolsai.jupyter-2024.6.0-universal/dist/extension.node.js:303:469] {
  code: 'Unknown'
}
