2024-08-23 01:05:49.493 [info] Added views:workbench.panel.markers.view in workbench.panel.markers
2024-08-23 01:05:49.493 [info] Added views:workbench.panel.output in workbench.panel.output
2024-08-23 01:05:49.493 [info] Added views:terminal in terminal
2024-08-23 01:05:49.493 [info] Added views:outline in workbench.view.explorer
2024-08-23 01:05:49.493 [info] Added views:workbench.scm in workbench.view.scm
2024-08-23 01:05:49.493 [info] Added views:workbench.view.search in workbench.view.search
2024-08-23 01:05:49.493 [info] Added views:timeline in workbench.view.explorer
2024-08-23 01:05:49.493 [info] Added views:workbench.explorer.emptyView in workbench.view.explorer
2024-08-23 01:05:49.695 [info] Added views:workbench.debug.welcome in workbench.view.debug
2024-08-23 01:05:49.703 [info] Added views:workbench.panel.repl.view in workbench.panel.repl
2024-08-23 01:05:51.503 [info] Added views:~remote.forwardedPorts in ~remote.forwardedPortsContainer
2024-08-23 01:06:11.658 [info] Added views:workbench.panel.markers.view in workbench.panel.markers
2024-08-23 01:06:11.658 [info] Added views:workbench.panel.output in workbench.panel.output
2024-08-23 01:06:11.658 [info] Added views:terminal in terminal
2024-08-23 01:06:11.658 [info] Added views:outline in workbench.view.explorer
2024-08-23 01:06:11.658 [info] Added views:workbench.scm in workbench.view.scm
2024-08-23 01:06:11.658 [info] Added views:workbench.view.search in workbench.view.search
2024-08-23 01:06:11.658 [info] Added views:timeline in workbench.view.explorer
2024-08-23 01:06:11.658 [info] Added views:workbench.explorer.fileView in workbench.view.explorer
2024-08-23 01:06:11.681 [info] Added views:workbench.debug.variablesView,workbench.debug.watchExpressionsView,workbench.debug.callStackView,workbench.debug.breakPointsView in workbench.view.debug
2024-08-23 01:06:11.848 [info] Added views:~remote.forwardedPorts in ~remote.forwardedPortsContainer
2024-08-23 01:06:11.876 [info] Added views:workbench.panel.repl.view in workbench.panel.repl
2024-08-23 01:06:11.877 [info] Removed views:workbench.debug.breakPointsView,workbench.debug.callStackView,workbench.debug.watchExpressionsView,workbench.debug.variablesView from workbench.view.debug
2024-08-23 01:06:11.877 [info] Added views:workbench.debug.welcome in workbench.view.debug
2024-08-23 01:08:11.958 [info] Added views:workbench.view.testing in workbench.view.extension.test
2024-08-23 01:08:13.128 [info] Added views:jupyterViewVariables,cell-tag in workbench.view.extension.jupyter-variables
2024-08-23 01:09:13.492 [info] Added views:workbench.views.extensions.installed,workbench.views.extensions.popular,extensions.recommendedList in workbench.view.extensions
2024-08-23 01:09:13.505 [info] Removed views:workbench.views.extensions.popular from workbench.view.extensions
2024-08-23 01:09:18.109 [info] Removed views:extensions.recommendedList,workbench.views.extensions.installed from workbench.view.extensions
2024-08-23 01:09:18.121 [info] Added views:workbench.views.extensions.marketplace in workbench.view.extensions
2024-08-23 01:12:51.447 [info] Removed views:workbench.views.extensions.marketplace from workbench.view.extensions
2024-08-23 01:12:51.470 [info] Added views:workbench.views.extensions.installed,extensions.recommendedList in workbench.view.extensions
2024-08-23 01:12:54.233 [info] Removed views:extensions.recommendedList,workbench.views.extensions.installed from workbench.view.extensions
2024-08-23 01:12:54.244 [info] Added views:workbench.views.extensions.marketplace in workbench.view.extensions
2024-08-23 01:23:29.428 [info] Added views:workbench.debug.breakPointsView in workbench.view.debug
2024-08-23 01:23:29.994 [info] Removed views:workbench.debug.welcome from workbench.view.debug
2024-08-23 01:23:29.997 [info] Added views:workbench.debug.variablesView,workbench.debug.watchExpressionsView,workbench.debug.callStackView in workbench.view.debug
2024-08-23 01:23:32.770 [info] Removed views:workbench.debug.callStackView,workbench.debug.watchExpressionsView,workbench.debug.variablesView from workbench.view.debug
2024-08-23 01:23:32.771 [info] Added views:workbench.debug.welcome in workbench.view.debug
2024-08-23 01:23:32.771 [info] Removed views:workbench.debug.welcome from workbench.view.debug
2024-08-23 01:23:32.773 [info] Added views:workbench.debug.variablesView,workbench.debug.watchExpressionsView,workbench.debug.callStackView in workbench.view.debug
2024-08-23 01:23:35.447 [info] Removed views:workbench.debug.callStackView,workbench.debug.watchExpressionsView,workbench.debug.variablesView from workbench.view.debug
2024-08-23 01:23:35.449 [info] Added views:workbench.debug.welcome in workbench.view.debug
2024-08-23 02:29:20.107 [info] Removed views:workbench.view.testing from workbench.view.extension.test
