VSCodium (1.91.1, undefined, desktop)
Jupyter Extension Version: 2024.6.0.
Python Extension Version: 2024.12.3.
Pylance Extension not installed.
Platform: linux (arm64).
Workspace folder ~/school/cs345/exercises, Home = /home/ser
14:56:13.463 [info] Telemetry level is off
14:56:13.463 [info] Experiments are disabled, only manually opted experiments are active.
14:56:13.694 [info] Starting Kernel (Python Path: /etc/profiles/per-u~/~/bin/python3.11, Unknown, 3.11.9) for '~/school/cs345/exercises/exercise_01_python_csv_files.ipynb' (disableUI=true)
14:56:13.711 [warn] Failed to get activated env vars for /etc/profiles/per-u~/~/bin/python3.11 in 16ms
14:56:13.713 [info] Process Execution: /etc/profiles/per-u~/~/bin/python3.11 -c "import site;print("U~_BASE_VALUE");print(site.U~_BASE);print("U~_BASE_VALUE");"
14:56:13.715 [warn] Failed to get activated env vars for /etc/profiles/per-u~/~/bin/python3.11 in 10ms
14:56:13.750 [info] Process Execution: /etc/profiles/per-u~/~/bin/python3.11 -m pip list
14:56:13.752 [info] Process Execution: /etc/profiles/per-u~/~/bin/python3.11 -c "import ipykernel; print(ipykernel.__version__); print("5dc3a68c-e34e-4080-9c3e-2a532b2ccb4d"); print(ipykernel.__file__)"
14:56:13.753 [info] Process Execution: /etc/profiles/per-u~/~/bin/python3.11 -m ipykernel_launcher --f=/home/~/.local/share/jupyter/runtime/kernel-v2-27057NVC61oUUztS.json
    > cwd: //home/~/school/cs345/exercises
14:56:14.385 [info] Kernel successfully started
14:56:14.386 [warn] Unable to find sysPrefix for interpreter /etc/profiles/per-u~/~/bin/python3.11
14:56:14.386 [warn] No nbextensions folder found for kernel .jvsc74a57bd0728729ce7841cd79cd2236916b12c7a0ff6d695e5e9e136114af5301a67fa4a6./etc/profiles/per-u~/~/bin/python3.11./etc/profiles/per-u~/~/bin/python3.11.-m#ipykernel_launcher
15:09:34.674 [info] Starting debugging with mode 0
15:09:36.657 [info] Ipykernel check failed: ControllerNotSelected
15:10:15.216 [info] Starting Kernel (Python Path: /etc/profiles/per-u~/~/bin/python3.11, Unknown, 3.11.-1) for '~/school/cs345/exercises/exercise_02_numpy.ipynb' (disableUI=false)
15:10:15.267 [warn] Failed to get activated env vars for /etc/profiles/per-u~/~/bin/python3.11 in 43ms
15:10:15.275 [info] Process Execution: /etc/profiles/per-u~/~/bin/python3.11 -c "import ipykernel; print(ipykernel.__version__); print("5dc3a68c-e34e-4080-9c3e-2a532b2ccb4d"); print(ipykernel.__file__)"
15:10:15.281 [info] Process Execution: /etc/profiles/per-u~/~/bin/python3.11 -m ipykernel_launcher --f=/home/~/.local/share/jupyter/runtime/kernel-v2-2705iOLlXIzkEYUW.json
    > cwd: //home/~/school/cs345/exercises
15:10:15.294 [warn] Failed to get activated env vars for /etc/profiles/per-u~/~/bin/python3.11 in 55ms
15:10:15.300 [info] Process Execution: /etc/profiles/per-u~/~/bin/python3.11 -m pip list
15:10:15.514 [info] Kernel successfully started
15:10:15.515 [warn] Unable to find sysPrefix for interpreter /etc/profiles/per-u~/~/bin/python3.11
15:10:15.515 [warn] No nbextensions folder found for kernel .jvsc74a57bd0728729ce7841cd79cd2236916b12c7a0ff6d695e5e9e136114af5301a67fa4a6./etc/profiles/per-u~/~/bin/python3.11./etc/profiles/per-u~/~/bin/python3.11.-m#ipykernel_launcher
15:10:15.589 [warn] Cell completed with errors [Qd [Error]: name 'np' is not defined
	at n.execute (/home/~/.vscode-oss/extensions/ms-toolsai.jupyter-2024.6.0-universal/dist/extension.node.js:297:4958)] {
  ename: 'NameError',
  evalue: "name 'np' is not defined",
  traceback: [
    '\x1B[0;31m---------------------------------------------------------------------------\x1B[0m',
    '\x1B[0;31mNameError\x1B[0m                                 Traceback (most recent call last)',
    'Cell \x1B[0;32mIn[1], line 1\x1B[0m\n' +
      '\x1B[0;32m----> 1\x1B[0m \x1B[38;5;241m0\x1B[39m \x1B[38;5;241m*\x1B[39m \x1B[43mnp\x1B[49m\x1B[38;5;241m.\x1B[39mnan\n',
    "\x1B[0;31mNameError\x1B[0m: name 'np' is not defined"
  ]
}
15:10:57.749 [warn] Cell completed with errors [Qd [Error]: name 'np' is not defined
	at n.execute (/home/~/.vscode-oss/extensions/ms-toolsai.jupyter-2024.6.0-universal/dist/extension.node.js:297:4958)] {
  ename: 'NameError',
  evalue: "name 'np' is not defined",
  traceback: [
    '\x1B[0;31m---------------------------------------------------------------------------\x1B[0m',
    '\x1B[0;31mNameError\x1B[0m                                 Traceback (most recent call last)',
    'Cell \x1B[0;32mIn[2], line 1\x1B[0m\n' +
      '\x1B[0;32m----> 1\x1B[0m \x1B[38;5;241m0\x1B[39m \x1B[38;5;241m*\x1B[39m \x1B[43mnp\x1B[49m\x1B[38;5;241m.\x1B[39mnan\n',
    "\x1B[0;31mNameError\x1B[0m: name 'np' is not defined"
  ]
}
15:11:00.773 [warn] Cell completed with errors [Qd [Error]: name 'np' is not defined
	at n.execute (/home/~/.vscode-oss/extensions/ms-toolsai.jupyter-2024.6.0-universal/dist/extension.node.js:297:4958)] {
  ename: 'NameError',
  evalue: "name 'np' is not defined",
  traceback: [
    '\x1B[0;31m---------------------------------------------------------------------------\x1B[0m',
    '\x1B[0;31mNameError\x1B[0m                                 Traceback (most recent call last)',
    'Cell \x1B[0;32mIn[3], line 1\x1B[0m\n' +
      '\x1B[0;32m----> 1\x1B[0m \x1B[38;5;241m0\x1B[39m \x1B[38;5;241m*\x1B[39m \x1B[43mnp\x1B[49m\x1B[38;5;241m.\x1B[39mnan\n',
    "\x1B[0;31mNameError\x1B[0m: name 'np' is not defined"
  ]
}
15:11:02.375 [warn] Cell completed with errors [Qd [Error]: name 'np' is not defined
	at n.execute (/home/~/.vscode-oss/extensions/ms-toolsai.jupyter-2024.6.0-universal/dist/extension.node.js:297:4958)] {
  ename: 'NameError',
  evalue: "name 'np' is not defined",
  traceback: [
    '\x1B[0;31m---------------------------------------------------------------------------\x1B[0m',
    '\x1B[0;31mNameError\x1B[0m                                 Traceback (most recent call last)',
    'Cell \x1B[0;32mIn[4], line 1\x1B[0m\n' +
      '\x1B[0;32m----> 1\x1B[0m \x1B[38;5;241m0\x1B[39m \x1B[38;5;241m*\x1B[39m \x1B[43mnp\x1B[49m\x1B[38;5;241m.\x1B[39mnan\n',
    "\x1B[0;31mNameError\x1B[0m: name 'np' is not defined"
  ]
}
15:11:17.658 [warn] Cell completed with errors [Qd [Error]: name 'np' is not defined
	at n.execute (/home/~/.vscode-oss/extensions/ms-toolsai.jupyter-2024.6.0-universal/dist/extension.node.js:297:4958)] {
  ename: 'NameError',
  evalue: "name 'np' is not defined",
  traceback: [
    '\x1B[0;31m---------------------------------------------------------------------------\x1B[0m',
    '\x1B[0;31mNameError\x1B[0m                                 Traceback (most recent call last)',
    'Cell \x1B[0;32mIn[5], line 1\x1B[0m\n' +
      '\x1B[0;32m----> 1\x1B[0m \x1B[43mnp\x1B[49m\x1B[38;5;241m.\x1B[39mnan\n',
    "\x1B[0;31mNameError\x1B[0m: name 'np' is not defined"
  ]
}
15:12:03.144 [warn] Cell completed with errors [Qd [Error]: name 'np' is not defined
	at n.execute (/home/~/.vscode-oss/extensions/ms-toolsai.jupyter-2024.6.0-universal/dist/extension.node.js:297:4958)] {
  ename: 'NameError',
  evalue: "name 'np' is not defined",
  traceback: [
    '\x1B[0;31m---------------------------------------------------------------------------\x1B[0m',
    '\x1B[0;31mNameError\x1B[0m                                 Traceback (most recent call last)',
    'Cell \x1B[0;32mIn[6], line 1\x1B[0m\n' +
      '\x1B[0;32m----> 1\x1B[0m \x1B[43mnp\x1B[49m\x1B[38;5;241m.\x1B[39mnan\n',
    "\x1B[0;31mNameError\x1B[0m: name 'np' is not defined"
  ]
}
15:16:32.247 [warn] Cell completed with errors [Qd [Error]: invalid syntax (1967163529.py, line 2)
	at n.execute (/home/~/.vscode-oss/extensions/ms-toolsai.jupyter-2024.6.0-universal/dist/extension.node.js:297:4958)] {
  ename: 'SyntaxError',
  evalue: 'invalid syntax (1967163529.py, line 2)',
  traceback: [
    '\x1B[0;36m  Cell \x1B[0;32mIn[17], line 2\x1B[0;36m\x1B[0m\n' +
      '\x1B[0;31m    for (x in range(8)): arr.append(x)\x1B[0m\n' +
      '\x1B[0m                       ^\x1B[0m\n' +
      '\x1B[0;31mSyntaxError\x1B[0m\x1B[0;31m:\x1B[0m invalid syntax\n'
  ]
}
15:16:39.671 [warn] Cell completed with errors [Qd [Error]: invalid syntax (1734719766.py, line 2)
	at n.execute (/home/~/.vscode-oss/extensions/ms-toolsai.jupyter-2024.6.0-universal/dist/extension.node.js:297:4958)] {
  ename: 'SyntaxError',
  evalue: 'invalid syntax (1734719766.py, line 2)',
  traceback: [
    '\x1B[0;36m  Cell \x1B[0;32mIn[18], line 2\x1B[0;36m\x1B[0m\n' +
      '\x1B[0;31m    for (x in range(8)):\x1B[0m\n' +
      '\x1B[0m                       ^\x1B[0m\n' +
      '\x1B[0;31mSyntaxError\x1B[0m\x1B[0;31m:\x1B[0m invalid syntax\n'
  ]
}
15:17:38.240 [warn] Cell completed with errors [Qd [Error]: invalid syntax (1221906379.py, line 2)
	at n.execute (/home/~/.vscode-oss/extensions/ms-toolsai.jupyter-2024.6.0-universal/dist/extension.node.js:297:4958)] {
  ename: 'SyntaxError',
  evalue: 'invalid syntax (1221906379.py, line 2)',
  traceback: [
    '\x1B[0;36m  Cell \x1B[0;32mIn[19], line 2\x1B[0;36m\x1B[0m\n' +
      '\x1B[0;31m    for (x in range(0,8)):\x1B[0m\n' +
      '\x1B[0m                         ^\x1B[0m\n' +
      '\x1B[0;31mSyntaxError\x1B[0m\x1B[0;31m:\x1B[0m invalid syntax\n'
  ]
}
15:22:33.260 [warn] Cell completed with errors [Qd [Error]: name 'i' is not defined
	at n.execute (/home/~/.vscode-oss/extensions/ms-toolsai.jupyter-2024.6.0-universal/dist/extension.node.js:297:4958)] {
  ename: 'NameError',
  evalue: "name 'i' is not defined",
  traceback: [
    '\x1B[0;31m---------------------------------------------------------------------------\x1B[0m',
    '\x1B[0;31mNameError\x1B[0m                                 Traceback (most recent call last)',
    'Cell \x1B[0;32mIn[22], line 1\x1B[0m\n' +
      '\x1B[0;32m----> 1\x1B[0m [\x1B[43mi\x1B[49m \x1B[38;5;129;01min\x1B[39;00m \x1B[38;5;28mrange\x1B[39m(\x1B[38;5;241m9\x1B[39m)]\n',
    "\x1B[0;31mNameError\x1B[0m: name 'i' is not defined"
  ]
}
15:24:49.220 [warn] Cell completed with errors [Qd [Error]: name 'reshape' is not defined
	at n.execute (/home/~/.vscode-oss/extensions/ms-toolsai.jupyter-2024.6.0-universal/dist/extension.node.js:297:4958)] {
  ename: 'NameError',
  evalue: "name 'reshape' is not defined",
  traceback: [
    '\x1B[0;31m---------------------------------------------------------------------------\x1B[0m',
    '\x1B[0;31mNameError\x1B[0m                                 Traceback (most recent call last)',
    'Cell \x1B[0;32mIn[24], line 1\x1B[0m\n' +
      '\x1B[0;32m----> 1\x1B[0m \x1B[43mreshape\x1B[49m([i \x1B[38;5;28;01mfor\x1B[39;00m i \x1B[38;5;129;01min\x1B[39;00m \x1B[38;5;28mrange\x1B[39m(\x1B[38;5;241m9\x1B[39m)], \x1B[38;5;241m3\x1B[39m)\n',
    "\x1B[0;31mNameError\x1B[0m: name 'reshape' is not defined"
  ]
}
15:25:00.500 [warn] Cell completed with errors [Qd [Error]: name 'numpy' is not defined
	at n.execute (/home/~/.vscode-oss/extensions/ms-toolsai.jupyter-2024.6.0-universal/dist/extension.node.js:297:4958)] {
  ename: 'NameError',
  evalue: "name 'numpy' is not defined",
  traceback: [
    '\x1B[0;31m---------------------------------------------------------------------------\x1B[0m',
    '\x1B[0;31mNameError\x1B[0m                                 Traceback (most recent call last)',
    'Cell \x1B[0;32mIn[25], line 1\x1B[0m\n' +
      '\x1B[0;32m----> 1\x1B[0m \x1B[43mnumpy\x1B[49m\x1B[38;5;241m.\x1B[39mreshape([i \x1B[38;5;28;01mfor\x1B[39;00m i \x1B[38;5;129;01min\x1B[39;00m \x1B[38;5;28mrange\x1B[39m(\x1B[38;5;241m9\x1B[39m)], \x1B[38;5;241m3\x1B[39m)\n',
    "\x1B[0;31mNameError\x1B[0m: name 'numpy' is not defined"
  ]
}
15:25:19.275 [warn] Cell completed with errors [Qd [Error]: cannot reshape array of size 9 into shape (3,)
	at n.execute (/home/~/.vscode-oss/extensions/ms-toolsai.jupyter-2024.6.0-universal/dist/extension.node.js:297:4958)] {
  ename: 'ValueError',
  evalue: 'cannot reshape array of size 9 into shape (3,)',
  traceback: [
    '\x1B[0;31m---------------------------------------------------------------------------\x1B[0m',
    '\x1B[0;31mValueError\x1B[0m                                Traceback (most recent call last)',
    'Cell \x1B[0;32mIn[26], line 2\x1B[0m\n' +
      '\x1B[1;32m      1\x1B[0m \x1B[38;5;28;01mimport\x1B[39;00m \x1B[38;5;21;01mnumpy\x1B[39;00m \x1B[38;5;28;01mas\x1B[39;00m \x1B[38;5;21;01mnp\x1B[39;00m\n' +
      '\x1B[0;32m----> 2\x1B[0m \x1B[43mnp\x1B[49m\x1B[38;5;241;43m.\x1B[39;49m\x1B[43mreshape\x1B[49m\x1B[43m(\x1B[49m\x1B[43m[\x1B[49m\x1B[43mi\x1B[49m\x1B[43m \x1B[49m\x1B[38;5;28;43;01mfor\x1B[39;49;00m\x1B[43m \x1B[49m\x1B[43mi\x1B[49m\x1B[43m \x1B[49m\x1B[38;5;129;43;01min\x1B[39;49;00m\x1B[43m \x1B[49m\x1B[38;5;28;43mrange\x1B[39;49m\x1B[43m(\x1B[49m\x1B[38;5;241;43m9\x1B[39;49m\x1B[43m)\x1B[49m\x1B[43m]\x1B[49m\x1B[43m,\x1B[49m\x1B[43m \x1B[49m\x1B[38;5;241;43m3\x1B[39;49m\x1B[43m)\x1B[49m\n',
    'File \x1B[0;32m/nix/store/n6f74zh5hdjp9xhhn268rx9r6p55w8by-python3-3.11.9-env/lib/python3.11/site-packages/numpy/core/fromnumeric.py:285\x1B[0m, in \x1B[0;36mreshape\x1B[0;34m(a, newshape, order)\x1B[0m\n' +
      '\x1B[1;32m    200\x1B[0m \x1B[38;5;129m@array_function_dispatch\x1B[39m(_reshape_dispatcher)\n' +
      "\x1B[1;32m    201\x1B[0m \x1B[38;5;28;01mdef\x1B[39;00m \x1B[38;5;21mreshape\x1B[39m(a, newshape, order\x1B[38;5;241m=\x1B[39m\x1B[38;5;124m'\x1B[39m\x1B[38;5;124mC\x1B[39m\x1B[38;5;124m'\x1B[39m):\n" +
      '\x1B[1;32m    202\x1B[0m \x1B[38;5;250m    \x1B[39m\x1B[38;5;124;03m"""\x1B[39;00m\n' +
      '\x1B[1;32m    203\x1B[0m \x1B[38;5;124;03m    Gives a new shape to an array without changing its data.\x1B[39;00m\n' +
      '\x1B[1;32m    204\x1B[0m \n' +
      '\x1B[0;32m   (...)\x1B[0m\n' +
      '\x1B[1;32m    283\x1B[0m \x1B[38;5;124;03m           [5, 6]])\x1B[39;00m\n' +
      '\x1B[1;32m    284\x1B[0m \x1B[38;5;124;03m    """\x1B[39;00m\n' +
      "\x1B[0;32m--> 285\x1B[0m     \x1B[38;5;28;01mreturn\x1B[39;00m \x1B[43m_wrapfunc\x1B[49m\x1B[43m(\x1B[49m\x1B[43ma\x1B[49m\x1B[43m,\x1B[49m\x1B[43m \x1B[49m\x1B[38;5;124;43m'\x1B[39;49m\x1B[38;5;124;43mreshape\x1B[39;49m\x1B[38;5;124;43m'\x1B[39;49m\x1B[43m,\x1B[49m\x1B[43m \x1B[49m\x1B[43mnewshape\x1B[49m\x1B[43m,\x1B[49m\x1B[43m \x1B[49m\x1B[43morder\x1B[49m\x1B[38;5;241;43m=\x1B[39;49m\x1B[43morder\x1B[49m\x1B[43m)\x1B[49m\n",
    'File \x1B[0;32m/nix/store/n6f74zh5hdjp9xhhn268rx9r6p55w8by-python3-3.11.9-env/lib/python3.11/site-packages/numpy/core/fromnumeric.py:56\x1B[0m, in \x1B[0;36m_wrapfunc\x1B[0;34m(obj, method, *args, **kwds)\x1B[0m\n' +
      '\x1B[1;32m     54\x1B[0m bound \x1B[38;5;241m=\x1B[39m \x1B[38;5;28mgetattr\x1B[39m(obj, method, \x1B[38;5;28;01mNone\x1B[39;00m)\n' +
      '\x1B[1;32m     55\x1B[0m \x1B[38;5;28;01mif\x1B[39;00m bound \x1B[38;5;129;01mis\x1B[39;00m \x1B[38;5;28;01mNone\x1B[39;00m:\n' +
      '\x1B[0;32m---> 56\x1B[0m     \x1B[38;5;28;01mreturn\x1B[39;00m \x1B[43m_wrapit\x1B[49m\x1B[43m(\x1B[49m\x1B[43mobj\x1B[49m\x1B[43m,\x1B[49m\x1B[43m \x1B[49m\x1B[43mmethod\x1B[49m\x1B[43m,\x1B[49m\x1B[43m \x1B[49m\x1B[38;5;241;43m*\x1B[39;49m\x1B[43margs\x1B[49m\x1B[43m,\x1B[49m\x1B[43m \x1B[49m\x1B[38;5;241;43m*\x1B[39;49m\x1B[38;5;241;43m*\x1B[39;49m\x1B[43mkwds\x1B[49m\x1B[43m)\x1B[49m\n' +
      '\x1B[1;32m     58\x1B[0m \x1B[38;5;28;01mtry\x1B[39;00m:\n' +
      '\x1B[1;32m     59\x1B[0m     \x1B[38;5;28;01mreturn\x1B[39;00m bound(\x1B[38;5;241m*\x1B[39margs, \x1B[38;5;241m*\x1B[39m\x1B[38;5;241m*\x1B[39mkwds)\n',
    'File \x1B[0;32m/nix/store/n6f74zh5hdjp9xhhn268rx9r6p55w8by-python3-3.11.9-env/lib/python3.11/site-packages/numpy/core/fromnumeric.py:45\x1B[0m, in \x1B[0;36m_wrapit\x1B[0;34m(obj, method, *args, **kwds)\x1B[0m\n' +
      '\x1B[1;32m     43\x1B[0m \x1B[38;5;28;01mexcept\x1B[39;00m \x1B[38;5;167;01mAttributeError\x1B[39;00m:\n' +
      '\x1B[1;32m     44\x1B[0m     wrap \x1B[38;5;241m=\x1B[39m \x1B[38;5;28;01mNone\x1B[39;00m\n' +
      '\x1B[0;32m---> 45\x1B[0m result \x1B[38;5;241m=\x1B[39m \x1B[38;5;28;43mgetattr\x1B[39;49m\x1B[43m(\x1B[49m\x1B[43masarray\x1B[49m\x1B[43m(\x1B[49m\x1B[43mobj\x1B[49m\x1B[43m)\x1B[49m\x1B[43m,\x1B[49m\x1B[43m \x1B[49m\x1B[43mmethod\x1B[49m\x1B[43m)\x1B[49m\x1B[43m(\x1B[49m\x1B[38;5;241;43m*\x1B[39;49m\x1B[43margs\x1B[49m\x1B[43m,\x1B[49m\x1B[43m \x1B[49m\x1B[38;5;241;43m*\x1B[39;49m\x1B[38;5;241;43m*\x1B[39;49m\x1B[43mkwds\x1B[49m\x1B[43m)\x1B[49m\n' +
      '\x1B[1;32m     46\x1B[0m \x1B[38;5;28;01mif\x1B[39;00m wrap:\n' +
      '\x1B[1;32m     47\x1B[0m     \x1B[38;5;28;01mif\x1B[39;00m \x1B[38;5;129;01mnot\x1B[39;00m \x1B[38;5;28misinstance\x1B[39m(result, mu\x1B[38;5;241m.\x1B[39mndarray):\n',
    '\x1B[0;31mValueError\x1B[0m: cannot reshape array of size 9 into shape (3,)'
  ]
}
